Microchip MPLAB XC8 Compiler V1.41 ()

Linker command line:

-W-3 --edf=/opt/microchip/xc8/v1.41/dat/en_msgs.txt -cs \
  -h+dist/default/production/USART.X.production.sym \
  --cmf=dist/default/production/USART.X.production.cmf -z -Q18F4550 \
  -o/tmp/xcXvl5cug -Mdist/default/production/USART.X.production.map -E1 \
  -ver=XC8 -ASTACK=060h-07ffh -pstack=STACK -ACODE=00h-07FFFh \
  -ACONST=00h-07FFFh -ASMALLCONST=0800h-08FFhx120 \
  -AMEDIUMCONST=0800h-07FFFh -ACOMRAM=01h-05Fh -AABS1=00h-07FFh \
  -ABIGRAM=01h-07FFh -ARAM=060h-0FFh,0100h-01FFhx7 -ABANK0=060h-0FFh \
  -ABANK1=0100h-01FFh -ABANK2=0200h-02FFh -ABANK3=0300h-03FFh \
  -ABANK4=0400h-04FFh -ABANK5=0500h-05FFh -ABANK6=0600h-06FFh \
  -ABANK7=0700h-07FFh -ASFR=0F60h-0FFFh \
  -preset_vec=00h,intcode=08h,intcodelo,powerup,init -pramtop=0800h \
  -psmallconst=SMALLCONST -pmediumconst=MEDIUMCONST -pconst=CONST \
  -AFARRAM=00h-00h -ACONFIG=0300000h-030000Dh -pconfig=CONFIG \
  -AIDLOC=0200000h-0200007h -pidloc=IDLOC -AEEDATA=0F00000h-0F000FFh \
  -peeprom_data=EEDATA \
  -prdata=COMRAM,nvrram=COMRAM,nvbit=COMRAM,rbss=COMRAM,rbit=COMRAM \
  -pfarbss=FARRAM,fardata=FARRAM,nvFARRAM=FARRAM \
  -pintsave_regs=BIGRAM,bigbss=BIGRAM,bigdata=BIGRAM -pbss=RAM \
  -pidata=CODE,irdata=CODE,ibigdata=CODE,ifardata=CODE -prparam=COMRAM \
  /tmp/xcXnROzsB.obj dist/default/production/USART.X.production.obj 

Object code version is 3.11

Machine type is 18F4550

Call graph: (short form)




                Name                               Link     Load   Length Selector   Space Scale
/tmp/xcXnROzsB.obj
                init                                  E        E        4        4       0
                reset_vec                             0        0        4        0       0
                idloc                            200000   200000        8   200000       0
                config                           300000   300000        E   300000       0
dist/default/production/USART.X.production.obj
                intcode                               8        8        6        4       0
                temp                                 35       35        1        1       1
                smallconst                          800      800       76      400       0
                intcode_body                        F52      F52       84      43B       0
                text18                              DEE      DEE       C2      43B       0
                text17                             1130     1130       38      43B       0
                text16                             11C2     11C2       1E      43B       0
                text15                             124C     124C        8      43B       0
                text14                             109A     109A       4C      43B       0
                text13                             11E0     11E0       1C      43B       0
                text12                             1168     1168       30      43B       0
                text11                             10E6     10E6       4A      43B       0
                text10                              D0E      D0E       E0      43B       0
                text9                               FD6      FD6       6A      43B       0
                text8                              11FC     11FC       18      43B       0
                text7                               EB0      EB0       A2      43B       0
                text6                               C04      C04      10A      43B       0
                text5                               A56      A56      1AE      43B       0
                text4                               876      876      1E0      43B       0
                text3                              122A     122A       12      43B       0
                text2                              123C     123C       10      43B       0
                text1                              1198     1198       2A      43B       0
                text0                              1040     1040       5A      43B       0
                cstackCOMRAM                          1        1       32        1       1
                bssCOMRAM                            33       33        2        1       1
                cinit                              1214     1214       16      43B       0

TOTAL           Name                               Link     Load   Length     Space
        CLASS   STACK          

        CLASS   CODE           
                intcode                               8        8        6         0
                init                                  E        E        4         0
                reset_vec                             0        0        4         0
                intcode_body                        F52      F52       84         0
                text18                              DEE      DEE       C2         0
                text17                             1130     1130       38         0
                text16                             11C2     11C2       1E         0
                text15                             124C     124C        8         0
                text14                             109A     109A       4C         0
                text13                             11E0     11E0       1C         0
                text12                             1168     1168       30         0
                text11                             10E6     10E6       4A         0
                text10                              D0E      D0E       E0         0
                text9                               FD6      FD6       6A         0
                text8                              11FC     11FC       18         0
                text7                               EB0      EB0       A2         0
                text6                               C04      C04      10A         0
                text5                               A56      A56      1AE         0
                text4                               876      876      1E0         0
                text3                              122A     122A       12         0
                text2                              123C     123C       10         0
                text1                              1198     1198       2A         0
                text0                              1040     1040       5A         0
                cinit                              1214     1214       16         0

        CLASS   CONST          

        CLASS   SMALLCONST     
                smallconst                          800      800       76         0

        CLASS   MEDIUMCONST    

        CLASS   COMRAM         
                temp                                 35       35        1         1
                cstackCOMRAM                          1        1       32         1
                bssCOMRAM                            33       33        2         1

        CLASS   ABS1           

        CLASS   BIGRAM         

        CLASS   RAM            

        CLASS   BANK0          

        CLASS   BANK1          

        CLASS   BANK2          

        CLASS   BANK3          

        CLASS   BANK4          

        CLASS   BANK5          

        CLASS   BANK6          

        CLASS   BANK7          

        CLASS   SFR            

        CLASS   FARRAM         

        CLASS   CONFIG         
                config                           300000   300000        E         0

        CLASS   IDLOC          
                idloc                            200000   200000        8         0

        CLASS   EEDATA         



SEGMENTS        Name                           Load    Length   Top    Selector   Space  Class

                reset_vec                      000000  000004  000004         0       0  CODE    
                cstackCOMRAM                   000001  000035  000036         1       1  COMRAM  
                intcode                        000008  00000A  000012         4       0  CODE    
                smallconst                     000800  000076  000876       400       0  SMALLCON
                text4                          000876  0009DE  001254       43B       0  CODE    
                idloc                          200000  000008  200008    200000       0  IDLOC   
                config                         300000  00000E  30000E    300000       0  CONFIG  


UNUSED ADDRESS RANGES

        Name                Unused          Largest block    Delta
        BANK0            000060-0000FF               A0
        BANK1            000100-0001FF              100
        BANK2            000200-0002FF              100
        BANK3            000300-0003FF              100
        BANK4            000400-0004FF              100
        BANK5            000500-0005FF              100
        BANK6            000600-0006FF              100
        BANK7            000700-0007FF              100
        BIGRAM           000036-0007FF              7CA
        CODE             000004-000007                4
                         000012-0007FF              7EE
                         001254-007FFF             6DAC
        COMRAM           000036-00005F               2A
        CONST            000004-000007                4
                         000012-0007FF              7EE
                         001254-007FFF             6DAC
        EEDATA           F00000-F000FF              100
        MEDIUMCONST      001254-007FFF             6DAC
        RAM              000060-0007FF              100
        SFR              000F60-000FFF               A0
        SMALLCONST       001254-007FFF              100
        STACK            000060-0007FF              7A0

                                  Symbol Table

?_cmpPass                cstackCOMRAM 000018
?_cmpSignal              cstackCOMRAM 00000F
?_confirmarSenha         cstackCOMRAM 000018
?_read_ADC               cstackCOMRAM 00000F
_ADCON0                  (abs)        000FC2
_ADCON0bits              (abs)        000FC2
_ADCON1                  (abs)        000FC1
_ADCON2                  (abs)        000FC0
_ADRES                   (abs)        000FC3
_BRGH                    (abs)        007D62
_CREN                    (abs)        007D5C
_INTCON2bits             (abs)        000FF1
_INTCON3bits             (abs)        000FF0
_INTCONbits              (abs)        000FF2
_ISR                     intcode      000008
_PORTBbits               (abs)        000F81
_PORTCbits               (abs)        000F82
_PORTD                   (abs)        000F83
_PORTEbits               (abs)        000F84
_RCIF                    (abs)        007CF5
_RCREG                   (abs)        000FAE
_SPBRG                   (abs)        000FAF
_SPEN                    (abs)        007D5F
_SYNC                    (abs)        007D64
_T0CONbits               (abs)        000FD5
_TMR0H                   (abs)        000FD7
_TMR0L                   (abs)        000FD6
_TRISAbits               (abs)        000F92
_TRISB                   (abs)        000F93
_TRISBbits               (abs)        000F93
_TRISC6                  (abs)        007CA6
_TRISC7                  (abs)        007CA7
_TRISCbits               (abs)        000F94
_TRISD                   (abs)        000F95
_TRISE                   (abs)        000F96
_TRMT                    (abs)        007D61
_TXEN                    (abs)        007D65
_TXREG                   (abs)        000FAD
__CFG_BOR$ON             (abs)        000000
__CFG_BORV$3             (abs)        000000
__CFG_CCP2MX$ON          (abs)        000000
__CFG_CP0$OFF            (abs)        000000
__CFG_CP1$OFF            (abs)        000000
__CFG_CP2$OFF            (abs)        000000
__CFG_CP3$OFF            (abs)        000000
__CFG_CPB$OFF            (abs)        000000
__CFG_CPD$OFF            (abs)        000000
__CFG_CPUDIV$OSC1_PLL2   (abs)        000000
__CFG_EBTR0$OFF          (abs)        000000
__CFG_EBTR1$OFF          (abs)        000000
__CFG_EBTR2$OFF          (abs)        000000
__CFG_EBTR3$OFF          (abs)        000000
__CFG_EBTRB$OFF          (abs)        000000
__CFG_FCMEN$OFF          (abs)        000000
__CFG_FOSC$HS            (abs)        000000
__CFG_ICPRT$OFF          (abs)        000000
__CFG_IESO$OFF           (abs)        000000
__CFG_LPT1OSC$OFF        (abs)        000000
__CFG_LVP$OFF            (abs)        000000
__CFG_MCLRE$ON           (abs)        000000
__CFG_PBADEN$OFF         (abs)        000000
__CFG_PLLDIV$1           (abs)        000000
__CFG_PWRT$OFF           (abs)        000000
__CFG_STVREN$ON          (abs)        000000
__CFG_USBDIV$1           (abs)        000000
__CFG_VREGEN$OFF         (abs)        000000
__CFG_WDT$OFF            (abs)        000000
__CFG_WDTPS$32768        (abs)        000000
__CFG_WRT0$OFF           (abs)        000000
__CFG_WRT1$OFF           (abs)        000000
__CFG_WRT2$OFF           (abs)        000000
__CFG_WRT3$OFF           (abs)        000000
__CFG_WRTB$OFF           (abs)        000000
__CFG_WRTC$OFF           (abs)        000000
__CFG_WRTD$OFF           (abs)        000000
__CFG_XINST$OFF          (abs)        000000
__HRAM                   (abs)        000000
__Habs1                  abs1         000000
__Hbank0                 bank0        000000
__Hbank1                 bank1        000000
__Hbank2                 bank2        000000
__Hbank3                 bank3        000000
__Hbank4                 bank4        000000
__Hbank5                 bank5        000000
__Hbank6                 bank6        000000
__Hbank7                 bank7        000000
__Hbigbss                bigbss       000000
__Hbigdata               bigdata      000000
__Hbigram                bigram       000000
__Hbss                   bss          000000
__HbssCOMRAM             bssCOMRAM    000000
__Hcinit                 cinit        000000
__Hclrtext               clrtext      000000
__Hcomram                comram       000000
__Hconfig                config       30000E
__Hconst                 const        000000
__HcstackCOMRAM          cstackCOMRAM 000000
__Hdata                  data         000000
__Heeprom_data           eeprom_data  000000
__Hfarbss                farbss       000000
__Hfardata               fardata      000000
__Hibigdata              ibigdata     000000
__Hidata                 idata        000000
__Hidloc                 idloc        200008
__Hifardata              ifardata     000000
__Hinit                  init         000012
__Hintcode               intcode      00000E
__Hintcode_body          intcode_body 000000
__Hintcodelo             intcodelo    00000E
__Hintentry              intentry     000000
__Hintret                intret       000000
__Hintsave_regs          intsave_regs 000000
__Hirdata                irdata       000000
__Hmediumconst           mediumconst  000000
__HnvFARRAM              nvFARRAM     000000
__Hnvbit                 nvbit        000000
__Hnvrram                nvrram       000000
__Hparam                 rparam       000000
__Hpowerup               powerup      00000E
__Hram                   ram          000000
__Hramtop                ramtop       000800
__Hrbit                  rbit         000000
__Hrbss                  rbss         000000
__Hrdata                 rdata        000000
__Hreset_vec             reset_vec    000004
__Hrparam                rparam       000000
__Hsfr                   sfr          000000
__Hsmallconst            smallconst   000876
__Hspace_0               (abs)        30000E
__Hspace_1               (abs)        000036
__Hspace_2               (abs)        000000
__Hstack                 stack        000000
__Hstruct                struct       000000
__Htemp                  temp         000036
__Htext                  text         000000
__Htext0                 text0        000000
__Htext1                 text1        000000
__Htext10                text10       000000
__Htext11                text11       000000
__Htext12                text12       000000
__Htext13                text13       000000
__Htext14                text14       000000
__Htext15                text15       000000
__Htext16                text16       000000
__Htext17                text17       000000
__Htext18                text18       000000
__Htext2                 text2        000000
__Htext3                 text3        000000
__Htext4                 text4        000000
__Htext5                 text5        000000
__Htext6                 text6        000000
__Htext7                 text7        000000
__Htext8                 text8        000000
__Htext9                 text9        000000
__LRAM                   (abs)        000001
__Labs1                  abs1         000000
__Lbank0                 bank0        000000
__Lbank1                 bank1        000000
__Lbank2                 bank2        000000
__Lbank3                 bank3        000000
__Lbank4                 bank4        000000
__Lbank5                 bank5        000000
__Lbank6                 bank6        000000
__Lbank7                 bank7        000000
__Lbigbss                bigbss       000000
__Lbigdata               bigdata      000000
__Lbigram                bigram       000000
__Lbss                   bss          000000
__LbssCOMRAM             bssCOMRAM    000000
__Lcinit                 cinit        000000
__Lclrtext               clrtext      000000
__Lcomram                comram       000000
__Lconfig                config       300000
__Lconst                 const        000000
__LcstackCOMRAM          cstackCOMRAM 000000
__Ldata                  data         000000
__Leeprom_data           eeprom_data  000000
__Lfarbss                farbss       000000
__Lfardata               fardata      000000
__Libigdata              ibigdata     000000
__Lidata                 idata        000000
__Lidloc                 idloc        200000
__Lifardata              ifardata     000000
__Linit                  init         00000E
__Lintcode               intcode      000008
__Lintcode_body          intcode_body 000000
__Lintcodelo             intcodelo    00000E
__Lintentry              intentry     000000
__Lintret                intret       000000
__Lintsave_regs          intsave_regs 000000
__Lirdata                irdata       000000
__Lmediumconst           mediumconst  000000
__LnvFARRAM              nvFARRAM     000000
__Lnvbit                 nvbit        000000
__Lnvrram                nvrram       000000
__Lparam                 rparam       000000
__Lpowerup               powerup      00000E
__Lram                   ram          000000
__Lramtop                ramtop       000800
__Lrbit                  rbit         000000
__Lrbss                  rbss         000000
__Lrdata                 rdata        000000
__Lreset_vec             reset_vec    000000
__Lrparam                rparam       000000
__Lsfr                   sfr          000000
__Lsmallconst            smallconst   000800
__Lspace_0               (abs)        000000
__Lspace_1               (abs)        000000
__Lspace_2               (abs)        000000
__Lstack                 stack        000000
__Lstruct                struct       000000
__Ltemp                  temp         000035
__Ltext                  text         000000
__Ltext0                 text0        000000
__Ltext1                 text1        000000
__Ltext10                text10       000000
__Ltext11                text11       000000
__Ltext12                text12       000000
__Ltext13                text13       000000
__Ltext14                text14       000000
__Ltext15                text15       000000
__Ltext16                text16       000000
__Ltext17                text17       000000
__Ltext18                text18       000000
__Ltext2                 text2        000000
__Ltext3                 text3        000000
__Ltext4                 text4        000000
__Ltext5                 text5        000000
__Ltext6                 text6        000000
__Ltext7                 text7        000000
__Ltext8                 text8        000000
__Ltext9                 text9        000000
__S0                     (abs)        30000E
__S1                     (abs)        000036
__S2                     (abs)        000000
___inthi_sp              stack        000000
___intlo_sp              stack        000000
___param_bank            (abs)        000000
___rparam_used           (abs)        000001
___sp                    stack        000000
__accesstop              (abs)        000060
__activetblptr           (abs)        000001
__end_of_ISR             intcode_body 000FD6
__end_of__initialization cinit        001218
__end_of_bip             text18       000EB0
__end_of_cadastrarSenha  text5        000C04
__end_of_clearLCD        text15       001254
__end_of_cmpPass         text10       000DEE
__end_of_cmpSignal       text14       0010E6
__end_of_confirmarSenha  text9        001040
__end_of_destravarPorta  text4        000A56
__end_of_ena_pulse       text17       001168
__end_of_init_ADC        text3        00123C
__end_of_init_INTRB2     text2        00124C
__end_of_init_LCD        text1        0011C2
__end_of_lerToque        text6        000D0E
__end_of_main            text0        00109A
__end_of_readSignal      text7        000F52
__end_of_read_ADC        text8        001214
__end_of_send_cfg        text16       0011E0
__end_of_send_msg        text12       001198
__end_of_set_line        text13       0011FC
__end_of_write_LCD       text11       001130
__initialization         cinit        001214
__mediumconst            mediumconst  000000
__pbssCOMRAM             bssCOMRAM    000033
__pcinit                 cinit        001214
__pcstackCOMRAM          cstackCOMRAM 000001
__pintcode               intcode      000008
__pintcode_body          intcode_body 000F52
__psmallconst            smallconst   000800
__ptext0                 text0        001040
__ptext1                 text1        001198
__ptext10                text10       000D0E
__ptext11                text11       0010E6
__ptext12                text12       001168
__ptext13                text13       0011E0
__ptext14                text14       00109A
__ptext15                text15       00124C
__ptext16                text16       0011C2
__ptext17                text17       001130
__ptext18                text18       000DEE
__ptext2                 text2        00123C
__ptext3                 text3        00122A
__ptext4                 text4        000876
__ptext5                 text5        000A56
__ptext6                 text6        000C04
__ptext7                 text7        000EB0
__ptext8                 text8        0011FC
__ptext9                 text9        000FD6
__ramtop                 ramtop       000800
__size_of_ISR            (abs)        000000
__size_of_bip            (abs)        000000
__size_of_cadastrarSenha (abs)        000000
__size_of_clearLCD       (abs)        000000
__size_of_cmpPass        (abs)        000000
__size_of_cmpSignal      (abs)        000000
__size_of_confirmarSenha (abs)        000000
__size_of_destravarPorta (abs)        000000
__size_of_ena_pulse      (abs)        000000
__size_of_init_ADC       (abs)        000000
__size_of_init_INTRB2    (abs)        000000
__size_of_init_LCD       (abs)        000000
__size_of_lerToque       (abs)        000000
__size_of_main           (abs)        000000
__size_of_readSignal     (abs)        000000
__size_of_read_ADC       (abs)        000000
__size_of_send_cfg       (abs)        000000
__size_of_send_msg       (abs)        000000
__size_of_set_line       (abs)        000000
__size_of_write_LCD      (abs)        000000
__smallconst             smallconst   000800
_bip                     text18       000DEE
_button                  bssCOMRAM    000033
_cadastrarSenha          text5        000A56
_clearLCD                text15       00124C
_cmpPass                 text10       000D0E
_cmpSignal               text14       00109A
_confirmarSenha          text9        000FD6
_destravarPorta          text4        000876
_ena_pulse               text17       001130
_init_ADC                text3        00122A
_init_INTRB2             text2        00123C
_init_LCD                text1        001198
_lerToque                text6        000C04
_main                    text0        001040
_readSignal              text7        000EB0
_read_ADC                text8        0011FC
_send_cfg                text16       0011C2
_send_msg                text12       001168
_set_line                text13       0011E0
_write_LCD               text11       0010E6
bip@j                    cstackCOMRAM 000015
bip@rounds               cstackCOMRAM 00000F
bip@time                 cstackCOMRAM 000011
btemp                    temp         000035
cadastrarSenha@i         cstackCOMRAM 000027
cadastrarSenha@j         cstackCOMRAM 000029
cadastrarSenha@pass      cstackCOMRAM 000023
cadastrarSenha@temp1     cstackCOMRAM 00002D
cadastrarSenha@temp2     cstackCOMRAM 00002B
cmpPass@i                cstackCOMRAM 00001C
cmpPass@pass             cstackCOMRAM 000018
cmpPass@toque            cstackCOMRAM 00001A
cmpSignal@pass           cstackCOMRAM 00000F
cmpSignal@toc            cstackCOMRAM 000011
destravarPorta@i         cstackCOMRAM 000023
destravarPorta@pass      cstackCOMRAM 00001F
destravarPorta@toque     cstackCOMRAM 000021
end_of_initialization    cinit        001218
int$flags                temp         000035
int_func                 intcode_body 000F52
intlevel0                text         000000
intlevel1                text         000000
intlevel2                text         000000
intlevel3                text         000000
lerToque@i               cstackCOMRAM 000021
lerToque@toque           cstackCOMRAM 00001F
main@pass                cstackCOMRAM 000031
main@toc                 cstackCOMRAM 00002F
readSignal@i             cstackCOMRAM 00001B
readSignal@j             cstackCOMRAM 00001D
readSignal@limite        cstackCOMRAM 000019
readSignal@pos           cstackCOMRAM 000015
readSignal@signal        cstackCOMRAM 000013
read_ADC@value           cstackCOMRAM 000011
send_cfg@cmd             cstackCOMRAM 000011
send_msg@msg             cstackCOMRAM 000011
set_line@cursor          cstackCOMRAM 000016
set_line@line            cstackCOMRAM 000012
set_line@pos             cstackCOMRAM 000014
stackhi                  (abs)        0007FF
stacklo                  (abs)        000060
start                    init         00000E
start_initialization     cinit        001214
write_LCD@c              cstackCOMRAM 000012
write_LCD@i              cstackCOMRAM 000016


FUNCTION INFORMATION:

 *************** function _main *****************
 Defined at:
		line 20 in file "main.c"
 Parameters:    Size  Location     Type
		None
 Auto vars:     Size  Location     Type
  pass            2   48[COMRAM] unsigned char [2]
  toc             2   46[COMRAM] unsigned char [2]
 Return value:  Size  Location     Type
                  1    wreg      void 
 Registers used:
		wreg, fsr1l, fsr1h, fsr2l, fsr2h, status,2, status,0, tblptrl, tblptrh, tblptru, cstack
 Tracked objects:
		On entry : 
		On exit  : 
		Unchanged: 
 Data sizes:     COMRAM   BANK0   BANK1   BANK2   BANK3   BANK4   BANK5   BANK6   BANK7
      Params:         0       0       0       0       0       0       0       0       0
      Locals:         4       0       0       0       0       0       0       0       0
      Temps:          0       0       0       0       0       0       0       0       0
      Totals:         4       0       0       0       0       0       0       0       0
Total ram usage:        4 bytes
 Hardware stack levels required when called:    6
 This function calls:
		_cadastrarSenha
		_destravarPorta
		_init_ADC
		_init_INTRB2
		_init_LCD
 This function is called by:
		Startup code after reset
 This function uses a non-reentrant model


 *************** function _init_LCD *****************
 Defined at:
		line 45 in file "LCD.c"
 Parameters:    Size  Location     Type
		None
 Auto vars:     Size  Location     Type
		None
 Return value:  Size  Location     Type
                  1    wreg      void 
 Registers used:
		wreg, status,2, cstack
 Tracked objects:
		On entry : 
		On exit  : 
		Unchanged: 
 Data sizes:     COMRAM   BANK0   BANK1   BANK2   BANK3   BANK4   BANK5   BANK6   BANK7
      Params:         0       0       0       0       0       0       0       0       0
      Locals:         0       0       0       0       0       0       0       0       0
      Temps:          0       0       0       0       0       0       0       0       0
      Totals:         0       0       0       0       0       0       0       0       0
Total ram usage:        0 bytes
 Hardware stack levels used:    1
 Hardware stack levels required when called:    3
 This function calls:
		_send_cfg
 This function is called by:
		_main
 This function uses a non-reentrant model


 *************** function _init_INTRB2 *****************
 Defined at:
		line 40 in file "Interrupt.c"
 Parameters:    Size  Location     Type
		None
 Auto vars:     Size  Location     Type
		None
 Return value:  Size  Location     Type
                  1    wreg      void 
 Registers used:
		None
 Tracked objects:
		On entry : 
		On exit  : 
		Unchanged: 
 Data sizes:     COMRAM   BANK0   BANK1   BANK2   BANK3   BANK4   BANK5   BANK6   BANK7
      Params:         0       0       0       0       0       0       0       0       0
      Locals:         0       0       0       0       0       0       0       0       0
      Temps:          0       0       0       0       0       0       0       0       0
      Totals:         0       0       0       0       0       0       0       0       0
Total ram usage:        0 bytes
 Hardware stack levels used:    1
 Hardware stack levels required when called:    1
 This function calls:
		Nothing
 This function is called by:
		_main
 This function uses a non-reentrant model


 *************** function _init_ADC *****************
 Defined at:
		line 11 in file "ADC.c"
 Parameters:    Size  Location     Type
		None
 Auto vars:     Size  Location     Type
		None
 Return value:  Size  Location     Type
                  1    wreg      void 
 Registers used:
		wreg, status,2
 Tracked objects:
		On entry : 
		On exit  : 
		Unchanged: 
 Data sizes:     COMRAM   BANK0   BANK1   BANK2   BANK3   BANK4   BANK5   BANK6   BANK7
      Params:         0       0       0       0       0       0       0       0       0
      Locals:         0       0       0       0       0       0       0       0       0
      Temps:          0       0       0       0       0       0       0       0       0
      Totals:         0       0       0       0       0       0       0       0       0
Total ram usage:        0 bytes
 Hardware stack levels used:    1
 Hardware stack levels required when called:    1
 This function calls:
		Nothing
 This function is called by:
		_main
 This function uses a non-reentrant model


 *************** function _destravarPorta *****************
 Defined at:
		line 49 in file "TOCTOC.c"
 Parameters:    Size  Location     Type
  pass            2   30[COMRAM] PTR unsigned char 
		 -> main@pass(2), 
  toque           2   32[COMRAM] PTR unsigned char 
		 -> main@toc(2), 
 Auto vars:     Size  Location     Type
  i               2   34[COMRAM] int 
 Return value:  Size  Location     Type
                  1    wreg      void 
 Registers used:
		wreg, fsr1l, fsr1h, fsr2l, fsr2h, status,2, status,0, tblptrl, tblptrh, tblptru, cstack
 Tracked objects:
		On entry : 
		On exit  : 
		Unchanged: 
 Data sizes:     COMRAM   BANK0   BANK1   BANK2   BANK3   BANK4   BANK5   BANK6   BANK7
      Params:         4       0       0       0       0       0       0       0       0
      Locals:         2       0       0       0       0       0       0       0       0
      Temps:          0       0       0       0       0       0       0       0       0
      Totals:         6       0       0       0       0       0       0       0       0
Total ram usage:        6 bytes
 Hardware stack levels used:    1
 Hardware stack levels required when called:    5
 This function calls:
		_bip
		_clearLCD
		_cmpPass
		_readSignal
		_read_ADC
		_send_msg
		_set_line
		_write_LCD
 This function is called by:
		_main
 This function uses a non-reentrant model


 *************** function _cadastrarSenha *****************
 Defined at:
		line 137 in file "TOCTOC.c"
 Parameters:    Size  Location     Type
  pass            2   34[COMRAM] PTR unsigned char 
		 -> main@pass(2), 
 Auto vars:     Size  Location     Type
  temp1           2   44[COMRAM] unsigned char [2]
  temp2           2   42[COMRAM] unsigned char [2]
  j               2   40[COMRAM] int 
  i               2   38[COMRAM] int 
 Return value:  Size  Location     Type
                  1    wreg      void 
 Registers used:
		wreg, fsr1l, fsr1h, fsr2l, fsr2h, status,2, status,0, tblptrl, tblptrh, tblptru, cstack
 Tracked objects:
		On entry : 
		On exit  : 
		Unchanged: 
 Data sizes:     COMRAM   BANK0   BANK1   BANK2   BANK3   BANK4   BANK5   BANK6   BANK7
      Params:         2       0       0       0       0       0       0       0       0
      Locals:         8       0       0       0       0       0       0       0       0
      Temps:          2       0       0       0       0       0       0       0       0
      Totals:        12       0       0       0       0       0       0       0       0
Total ram usage:       12 bytes
 Hardware stack levels used:    1
 Hardware stack levels required when called:    5
 This function calls:
		_clearLCD
		_cmpPass
		_confirmarSenha
		_lerToque
		_set_line
		_write_LCD
 This function is called by:
		_main
 This function uses a non-reentrant model


 *************** function _lerToque *****************
 Defined at:
		line 22 in file "TOCTOC.c"
 Parameters:    Size  Location     Type
  toque           2   30[COMRAM] PTR unsigned char 
		 -> cadastrarSenha@temp2(2), cadastrarSenha@temp1(2), 
 Auto vars:     Size  Location     Type
  i               2   32[COMRAM] int 
 Return value:  Size  Location     Type
                  1    wreg      void 
 Registers used:
		wreg, fsr2l, fsr2h, status,2, status,0, tblptrl, tblptrh, tblptru, cstack
 Tracked objects:
		On entry : 
		On exit  : 
		Unchanged: 
 Data sizes:     COMRAM   BANK0   BANK1   BANK2   BANK3   BANK4   BANK5   BANK6   BANK7
      Params:         2       0       0       0       0       0       0       0       0
      Locals:         2       0       0       0       0       0       0       0       0
      Temps:          0       0       0       0       0       0       0       0       0
      Totals:         4       0       0       0       0       0       0       0       0
Total ram usage:        4 bytes
 Hardware stack levels used:    1
 Hardware stack levels required when called:    4
 This function calls:
		_clearLCD
		_readSignal
		_read_ADC
		_send_msg
		_set_line
		_write_LCD
 This function is called by:
		_cadastrarSenha
 This function uses a non-reentrant model


 *************** function _readSignal *****************
 Defined at:
		line 13 in file "ReadSignal.c"
 Parameters:    Size  Location     Type
  signal          2   18[COMRAM] PTR unsigned char 
		 -> cadastrarSenha@temp2(2), cadastrarSenha@temp1(2), main@toc(2), 
  pos             2   20[COMRAM] int 
 Auto vars:     Size  Location     Type
  j               2   28[COMRAM] int 
  i               2   26[COMRAM] int 
  limite          2   24[COMRAM] int 
 Return value:  Size  Location     Type
                  1    wreg      void 
 Registers used:
		wreg, fsr2l, fsr2h, status,2, status,0, cstack
 Tracked objects:
		On entry : 
		On exit  : 
		Unchanged: 
 Data sizes:     COMRAM   BANK0   BANK1   BANK2   BANK3   BANK4   BANK5   BANK6   BANK7
      Params:         4       0       0       0       0       0       0       0       0
      Locals:         6       0       0       0       0       0       0       0       0
      Temps:          2       0       0       0       0       0       0       0       0
      Totals:        12       0       0       0       0       0       0       0       0
Total ram usage:       12 bytes
 Hardware stack levels used:    1
 Hardware stack levels required when called:    2
 This function calls:
		_read_ADC
 This function is called by:
		_lerToque
		_destravarPorta
 This function uses a non-reentrant model


 *************** function _read_ADC *****************
 Defined at:
		line 19 in file "ADC.c"
 Parameters:    Size  Location     Type
		None
 Auto vars:     Size  Location     Type
  value           2   16[COMRAM] unsigned int 
 Return value:  Size  Location     Type
                  2   14[COMRAM] unsigned int 
 Registers used:
		None
 Tracked objects:
		On entry : 
		On exit  : 
		Unchanged: 
 Data sizes:     COMRAM   BANK0   BANK1   BANK2   BANK3   BANK4   BANK5   BANK6   BANK7
      Params:         2       0       0       0       0       0       0       0       0
      Locals:         2       0       0       0       0       0       0       0       0
      Temps:          0       0       0       0       0       0       0       0       0
      Totals:         4       0       0       0       0       0       0       0       0
Total ram usage:        4 bytes
 Hardware stack levels used:    1
 Hardware stack levels required when called:    1
 This function calls:
		Nothing
 This function is called by:
		_readSignal
		_lerToque
		_destravarPorta
 This function uses a non-reentrant model


 *************** function _confirmarSenha *****************
 Defined at:
		line 121 in file "TOCTOC.c"
 Parameters:    Size  Location     Type
		None
 Auto vars:     Size  Location     Type
		None
 Return value:  Size  Location     Type
                  2   23[COMRAM] int 
 Registers used:
		wreg, status,2, status,0, tblptrl, tblptrh, tblptru, cstack
 Tracked objects:
		On entry : 
		On exit  : 
		Unchanged: 
 Data sizes:     COMRAM   BANK0   BANK1   BANK2   BANK3   BANK4   BANK5   BANK6   BANK7
      Params:         2       0       0       0       0       0       0       0       0
      Locals:         0       0       0       0       0       0       0       0       0
      Temps:          0       0       0       0       0       0       0       0       0
      Totals:         2       0       0       0       0       0       0       0       0
Total ram usage:        2 bytes
 Hardware stack levels used:    1
 Hardware stack levels required when called:    4
 This function calls:
		_clearLCD
		_set_line
		_write_LCD
 This function is called by:
		_cadastrarSenha
 This function uses a non-reentrant model


 *************** function _cmpPass *****************
 Defined at:
		line 97 in file "TOCTOC.c"
 Parameters:    Size  Location     Type
  pass            2   23[COMRAM] PTR unsigned char 
		 -> cadastrarSenha@temp1(2), main@pass(2), 
  toque           2   25[COMRAM] PTR unsigned char 
		 -> cadastrarSenha@temp2(2), main@toc(2), 
 Auto vars:     Size  Location     Type
  i               2   27[COMRAM] int 
 Return value:  Size  Location     Type
                  2   23[COMRAM] int 
 Registers used:
		wreg, fsr1l, fsr1h, fsr2l, fsr2h, status,2, status,0, tblptrl, tblptrh, tblptru, cstack
 Tracked objects:
		On entry : 
		On exit  : 
		Unchanged: 
 Data sizes:     COMRAM   BANK0   BANK1   BANK2   BANK3   BANK4   BANK5   BANK6   BANK7
      Params:         4       0       0       0       0       0       0       0       0
      Locals:         2       0       0       0       0       0       0       0       0
      Temps:          0       0       0       0       0       0       0       0       0
      Totals:         6       0       0       0       0       0       0       0       0
Total ram usage:        6 bytes
 Hardware stack levels used:    1
 Hardware stack levels required when called:    4
 This function calls:
		_bip
		_clearLCD
		_cmpSignal
		_set_line
		_write_LCD
 This function is called by:
		_destravarPorta
		_cadastrarSenha
 This function uses a non-reentrant model


 *************** function _write_LCD *****************
 Defined at:
		line 59 in file "LCD.c"
 Parameters:    Size  Location     Type
  c               2   17[COMRAM] PTR unsigned char 
		 -> STR_18(11), STR_17(6), STR_16(6), STR_15(11), 
		 -> STR_14(6), STR_13(13), STR_12(6), STR_11(13), 
		 -> STR_10(14), STR_9(10), STR_8(10), STR_7(10), 
		 -> STR_6(14), STR_5(10), STR_4(12), STR_3(6), 
		 -> STR_2(14), STR_1(14), 
 Auto vars:     Size  Location     Type
  i               2   21[COMRAM] int 
 Return value:  Size  Location     Type
                  1    wreg      void 
 Registers used:
		wreg, status,2, status,0, tblptrl, tblptrh, tblptru, cstack
 Tracked objects:
		On entry : 
		On exit  : 
		Unchanged: 
 Data sizes:     COMRAM   BANK0   BANK1   BANK2   BANK3   BANK4   BANK5   BANK6   BANK7
      Params:         2       0       0       0       0       0       0       0       0
      Locals:         2       0       0       0       0       0       0       0       0
      Temps:          2       0       0       0       0       0       0       0       0
      Totals:         6       0       0       0       0       0       0       0       0
Total ram usage:        6 bytes
 Hardware stack levels used:    1
 Hardware stack levels required when called:    3
 This function calls:
		_send_msg
 This function is called by:
		_lerToque
		_destravarPorta
		_cmpPass
		_confirmarSenha
		_cadastrarSenha
 This function uses a non-reentrant model


 *************** function _send_msg *****************
 Defined at:
		line 35 in file "LCD.c"
 Parameters:    Size  Location     Type
  msg             1    wreg     unsigned char 
 Auto vars:     Size  Location     Type
  msg             1   16[COMRAM] unsigned char 
 Return value:  Size  Location     Type
                  1    wreg      void 
 Registers used:
		wreg, status,2, cstack
 Tracked objects:
		On entry : 
		On exit  : 
		Unchanged: 
 Data sizes:     COMRAM   BANK0   BANK1   BANK2   BANK3   BANK4   BANK5   BANK6   BANK7
      Params:         0       0       0       0       0       0       0       0       0
      Locals:         1       0       0       0       0       0       0       0       0
      Temps:          1       0       0       0       0       0       0       0       0
      Totals:         2       0       0       0       0       0       0       0       0
Total ram usage:        2 bytes
 Hardware stack levels used:    1
 Hardware stack levels required when called:    2
 This function calls:
		_ena_pulse
 This function is called by:
		_write_LCD
		_lerToque
		_destravarPorta
 This function uses a non-reentrant model


 *************** function _set_line *****************
 Defined at:
		line 66 in file "LCD.c"
 Parameters:    Size  Location     Type
  line            2   17[COMRAM] int 
  pos             2   19[COMRAM] int 
 Auto vars:     Size  Location     Type
  cursor          1   21[COMRAM] unsigned char 
 Return value:  Size  Location     Type
                  1    wreg      void 
 Registers used:
		wreg, status,2, status,0, cstack
 Tracked objects:
		On entry : 
		On exit  : 
		Unchanged: 
 Data sizes:     COMRAM   BANK0   BANK1   BANK2   BANK3   BANK4   BANK5   BANK6   BANK7
      Params:         4       0       0       0       0       0       0       0       0
      Locals:         1       0       0       0       0       0       0       0       0
      Temps:          0       0       0       0       0       0       0       0       0
      Totals:         5       0       0       0       0       0       0       0       0
Total ram usage:        5 bytes
 Hardware stack levels used:    1
 Hardware stack levels required when called:    3
 This function calls:
		_send_cfg
 This function is called by:
		_lerToque
		_destravarPorta
		_cmpPass
		_confirmarSenha
		_cadastrarSenha
 This function uses a non-reentrant model


 *************** function _cmpSignal *****************
 Defined at:
		line 36 in file "ReadSignal.c"
 Parameters:    Size  Location     Type
  pass            2   14[COMRAM] PTR unsigned char 
		 -> cadastrarSenha@temp1(2), main@pass(2), 
  toc             2   16[COMRAM] PTR unsigned char 
		 -> cadastrarSenha@temp2(2), main@toc(2), 
 Auto vars:     Size  Location     Type
		None
 Return value:  Size  Location     Type
                  2   14[COMRAM] int 
 Registers used:
		wreg, fsr1l, fsr1h, fsr2l, fsr2h, status,2, status,0
 Tracked objects:
		On entry : 
		On exit  : 
		Unchanged: 
 Data sizes:     COMRAM   BANK0   BANK1   BANK2   BANK3   BANK4   BANK5   BANK6   BANK7
      Params:         4       0       0       0       0       0       0       0       0
      Locals:         0       0       0       0       0       0       0       0       0
      Temps:          2       0       0       0       0       0       0       0       0
      Totals:         6       0       0       0       0       0       0       0       0
Total ram usage:        6 bytes
 Hardware stack levels used:    1
 Hardware stack levels required when called:    1
 This function calls:
		Nothing
 This function is called by:
		_cmpPass
 This function uses a non-reentrant model


 *************** function _clearLCD *****************
 Defined at:
		line 31 in file "LCD.c"
 Parameters:    Size  Location     Type
		None
 Auto vars:     Size  Location     Type
		None
 Return value:  Size  Location     Type
                  1    wreg      void 
 Registers used:
		wreg, cstack
 Tracked objects:
		On entry : 
		On exit  : 
		Unchanged: 
 Data sizes:     COMRAM   BANK0   BANK1   BANK2   BANK3   BANK4   BANK5   BANK6   BANK7
      Params:         0       0       0       0       0       0       0       0       0
      Locals:         0       0       0       0       0       0       0       0       0
      Temps:          0       0       0       0       0       0       0       0       0
      Totals:         0       0       0       0       0       0       0       0       0
Total ram usage:        0 bytes
 Hardware stack levels used:    1
 Hardware stack levels required when called:    3
 This function calls:
		_send_cfg
 This function is called by:
		_lerToque
		_destravarPorta
		_cmpPass
		_confirmarSenha
		_cadastrarSenha
 This function uses a non-reentrant model


 *************** function _send_cfg *****************
 Defined at:
		line 22 in file "LCD.c"
 Parameters:    Size  Location     Type
  cmd             1    wreg     unsigned char 
 Auto vars:     Size  Location     Type
  cmd             1   16[COMRAM] unsigned char 
 Return value:  Size  Location     Type
                  1    wreg      void 
 Registers used:
		wreg, cstack
 Tracked objects:
		On entry : 
		On exit  : 
		Unchanged: 
 Data sizes:     COMRAM   BANK0   BANK1   BANK2   BANK3   BANK4   BANK5   BANK6   BANK7
      Params:         0       0       0       0       0       0       0       0       0
      Locals:         1       0       0       0       0       0       0       0       0
      Temps:          1       0       0       0       0       0       0       0       0
      Totals:         2       0       0       0       0       0       0       0       0
Total ram usage:        2 bytes
 Hardware stack levels used:    1
 Hardware stack levels required when called:    2
 This function calls:
		_ena_pulse
 This function is called by:
		_clearLCD
		_init_LCD
		_set_line
 This function uses a non-reentrant model


 *************** function _ena_pulse *****************
 Defined at:
		line 11 in file "LCD.c"
 Parameters:    Size  Location     Type
		None
 Auto vars:     Size  Location     Type
		None
 Return value:  Size  Location     Type
                  1    wreg      void 
 Registers used:
		wreg
 Tracked objects:
		On entry : 
		On exit  : 
		Unchanged: 
 Data sizes:     COMRAM   BANK0   BANK1   BANK2   BANK3   BANK4   BANK5   BANK6   BANK7
      Params:         0       0       0       0       0       0       0       0       0
      Locals:         0       0       0       0       0       0       0       0       0
      Temps:          1       0       0       0       0       0       0       0       0
      Totals:         1       0       0       0       0       0       0       0       0
Total ram usage:        1 bytes
 Hardware stack levels used:    1
 Hardware stack levels required when called:    1
 This function calls:
		Nothing
 This function is called by:
		_send_cfg
		_send_msg
 This function uses a non-reentrant model


 *************** function _bip *****************
 Defined at:
		line 14 in file "Buzzer.c"
 Parameters:    Size  Location     Type
  rounds          2   14[COMRAM] int 
  time            2   16[COMRAM] int 
 Auto vars:     Size  Location     Type
  j               2   20[COMRAM] int 
 Return value:  Size  Location     Type
                  1    wreg      void 
 Registers used:
		wreg, status,2, status,0
 Tracked objects:
		On entry : 
		On exit  : 
		Unchanged: 
 Data sizes:     COMRAM   BANK0   BANK1   BANK2   BANK3   BANK4   BANK5   BANK6   BANK7
      Params:         4       0       0       0       0       0       0       0       0
      Locals:         2       0       0       0       0       0       0       0       0
      Temps:          2       0       0       0       0       0       0       0       0
      Totals:         8       0       0       0       0       0       0       0       0
Total ram usage:        8 bytes
 Hardware stack levels used:    1
 Hardware stack levels required when called:    1
 This function calls:
		Nothing
 This function is called by:
		_destravarPorta
		_cmpPass
 This function uses a non-reentrant model


 *************** function _ISR *****************
 Defined at:
		line 32 in file "Interrupt.c"
 Parameters:    Size  Location     Type
		None
 Auto vars:     Size  Location     Type
		None
 Return value:  Size  Location     Type
                  1    wreg      void 
 Registers used:
		wreg, status,2
 Tracked objects:
		On entry : 
		On exit  : 
		Unchanged: 
 Data sizes:     COMRAM   BANK0   BANK1   BANK2   BANK3   BANK4   BANK5   BANK6   BANK7
      Params:         0       0       0       0       0       0       0       0       0
      Locals:         0       0       0       0       0       0       0       0       0
      Temps:         14       0       0       0       0       0       0       0       0
      Totals:        14       0       0       0       0       0       0       0       0
Total ram usage:       14 bytes
 Hardware stack levels used:    1
 This function calls:
		Nothing
 This function is called by:
		Interrupt level 2
 This function uses a non-reentrant model



MODULE INFORMATION

Module		Function		Class		Link	Load	Size
TOCTOC.c
		_cadastrarSenha		CODE           	0A56	0000	431
		_cmpPass       		CODE           	0D0E	0000	225
		_confirmarSenha		CODE           	0FD6	0000	107
		_destravarPorta		CODE           	0876	0000	481
		_lerToque      		CODE           	0C04	0000	267

TOCTOC.c estimated size: 1511

Buzzer.c
		_bip           		CODE           	0DEE	0000	195

Buzzer.c estimated size: 195

shared
		__initialization		CODE           	1214	0000	5

shared estimated size: 5

Interrupt.c
		_ISR           		CODE           	0008	0000	139
		_init_INTRB2   		CODE           	123C	0000	17

Interrupt.c estimated size: 156

ReadSignal.c
		_readSignal    		CODE           	0EB0	0000	163
		_cmpSignal     		CODE           	109A	0000	77

ReadSignal.c estimated size: 240

ADC.c
		_init_ADC      		CODE           	122A	0000	19
		_read_ADC      		CODE           	11FC	0000	25

ADC.c estimated size: 44

main.c
		_main          		CODE           	1040	0000	91

main.c estimated size: 91

LCD.c
		_set_line      		CODE           	11E0	0000	29
		_send_cfg      		CODE           	11C2	0000	31
		_write_LCD     		CODE           	10E6	0000	75
		_init_LCD      		CODE           	1198	0000	43
		_ena_pulse     		CODE           	1130	0000	57
		_send_msg      		CODE           	1168	0000	49
		_clearLCD      		CODE           	124C	0000	9

LCD.c estimated size: 293

