Microchip MPLAB XC8 Compiler V1.41 ()

Linker command line:

-W-3 --edf=/opt/microchip/xc8/v1.41/dat/en_msgs.txt -cs \
  -h+dist/default/production/USART.X.production.sym \
  --cmf=dist/default/production/USART.X.production.cmf -z -Q18F4550 \
  -o/tmp/xcXlukev6 -Mdist/default/production/USART.X.production.map -E1 \
  -ver=XC8 -ASTACK=060h-07ffh -pstack=STACK -ACODE=00h-07FFFh \
  -ACONST=00h-07FFFh -ASMALLCONST=0800h-08FFhx120 \
  -AMEDIUMCONST=0800h-07FFFh -ACOMRAM=01h-05Fh -AABS1=00h-07FFh \
  -ABIGRAM=01h-07FFh -ARAM=060h-0FFh,0100h-01FFhx7 -ABANK0=060h-0FFh \
  -ABANK1=0100h-01FFh -ABANK2=0200h-02FFh -ABANK3=0300h-03FFh \
  -ABANK4=0400h-04FFh -ABANK5=0500h-05FFh -ABANK6=0600h-06FFh \
  -ABANK7=0700h-07FFh -ASFR=0F60h-0FFFh \
  -preset_vec=00h,intcode,intcodelo=018h,powerup,init -pramtop=0800h \
  -psmallconst=SMALLCONST -pmediumconst=MEDIUMCONST -pconst=CONST \
  -AFARRAM=00h-00h -ACONFIG=0300000h-030000Dh -pconfig=CONFIG \
  -AIDLOC=0200000h-0200007h -pidloc=IDLOC -AEEDATA=0F00000h-0F000FFh \
  -peeprom_data=EEDATA \
  -prdata=COMRAM,nvrram=COMRAM,nvbit=COMRAM,rbss=COMRAM,rbit=COMRAM \
  -pfarbss=FARRAM,fardata=FARRAM,nvFARRAM=FARRAM \
  -pintsave_regs=BIGRAM,bigbss=BIGRAM,bigdata=BIGRAM -pbss=RAM \
  -pidata=CODE,irdata=CODE,ibigdata=CODE,ifardata=CODE -prparam=COMRAM \
  /tmp/xcXjNAyYU.obj dist/default/production/USART.X.production.obj 

Object code version is 3.11

Machine type is 18F4550

Call graph: (short form)




                Name                               Link     Load   Length Selector   Space Scale
/tmp/xcXjNAyYU.obj
                init                                 CC       CC        4        C       0
                reset_vec                             0        0        4        0       0
                idloc                            200000   200000        8   200000       0
                config                           300000   300000        E   300000       0
dist/default/production/USART.X.production.obj
                intcodelo                            18       18       B4        C       0
                temp                                 2C       2C        1        1       1
                smallconst                          800      800       70      400       0
                text13                              E46      E46       12      438       0
                text12                              D16      D16       38      438       0
                text11                              DCA      DCA       1E      438       0
                text10                              E58      E58        8      438       0
                text9                               C80      C80       4C      438       0
                text8                               DA4      DA4       26      438       0
                text7                               E32      E32       14      438       0
                text6                               D7E      D7E       26      438       0
                text5                               E04      E04       18      438       0
                text4                               BDE      BDE       A2      438       0
                text3                               DE8      DE8       1C      438       0
                text2                               D4E      D4E       30      438       0
                text1                               CCC      CCC       4A      438       0
                text0                               870      870      36E      438       0
                cstackCOMRAM                          1        1       29        1       1
                bssCOMRAM                            2A       2A        2        1       1
                cinit                               E1C      E1C       16      438       0

TOTAL           Name                               Link     Load   Length     Space
        CLASS   STACK          

        CLASS   CODE           
                intcodelo                            18       18       B4         0
                init                                 CC       CC        4         0
                reset_vec                             0        0        4         0
                text13                              E46      E46       12         0
                text12                              D16      D16       38         0
                text11                              DCA      DCA       1E         0
                text10                              E58      E58        8         0
                text9                               C80      C80       4C         0
                text8                               DA4      DA4       26         0
                text7                               E32      E32       14         0
                text6                               D7E      D7E       26         0
                text5                               E04      E04       18         0
                text4                               BDE      BDE       A2         0
                text3                               DE8      DE8       1C         0
                text2                               D4E      D4E       30         0
                text1                               CCC      CCC       4A         0
                text0                               870      870      36E         0
                cinit                               E1C      E1C       16         0

        CLASS   CONST          

        CLASS   SMALLCONST     
                smallconst                          800      800       70         0

        CLASS   MEDIUMCONST    

        CLASS   COMRAM         
                temp                                 2C       2C        1         1
                cstackCOMRAM                          1        1       29         1
                bssCOMRAM                            2A       2A        2         1

        CLASS   ABS1           

        CLASS   BIGRAM         

        CLASS   RAM            

        CLASS   BANK0          

        CLASS   BANK1          

        CLASS   BANK2          

        CLASS   BANK3          

        CLASS   BANK4          

        CLASS   BANK5          

        CLASS   BANK6          

        CLASS   BANK7          

        CLASS   SFR            

        CLASS   FARRAM         

        CLASS   CONFIG         
                config                           300000   300000        E         0

        CLASS   IDLOC          
                idloc                            200000   200000        8         0

        CLASS   EEDATA         



SEGMENTS        Name                           Load    Length   Top    Selector   Space  Class

                reset_vec                      000000  000004  000004         0       0  CODE    
                cstackCOMRAM                   000001  00002C  00002D         1       1  COMRAM  
                intcodelo                      000018  0000B8  0000D0         C       0  CODE    
                smallconst                     000800  000070  000870       400       0  SMALLCON
                text0                          000870  0005F0  000E60       438       0  CODE    
                idloc                          200000  000008  200008    200000       0  IDLOC   
                config                         300000  00000E  30000E    300000       0  CONFIG  


UNUSED ADDRESS RANGES

        Name                Unused          Largest block    Delta
        BANK0            000060-0000FF               A0
        BANK1            000100-0001FF              100
        BANK2            000200-0002FF              100
        BANK3            000300-0003FF              100
        BANK4            000400-0004FF              100
        BANK5            000500-0005FF              100
        BANK6            000600-0006FF              100
        BANK7            000700-0007FF              100
        BIGRAM           00002D-0007FF              7D3
        CODE             000004-000017               14
                         0000D0-0007FF              730
                         000E60-007FFF             71A0
        COMRAM           00002D-00005F               33
        CONST            000004-000017               14
                         0000D0-0007FF              730
                         000E60-007FFF             71A0
        EEDATA           F00000-F000FF              100
        MEDIUMCONST      000E60-007FFF             71A0
        RAM              000060-0007FF              100
        SFR              000F60-000FFF               A0
        SMALLCONST       000E60-007FFF              100
        STACK            000060-0007FF              7A0

                                  Symbol Table

?_ADCRead                cstackCOMRAM 000012
?_cmpSignal              cstackCOMRAM 000012
ADCRead@value            cstackCOMRAM 000014
_ADCInit                 text13       000E46
_ADCON0                  (abs)        000FC2
_ADCON0bits              (abs)        000FC2
_ADCON1                  (abs)        000FC1
_ADCON2                  (abs)        000FC0
_ADCRead                 text5        000E04
_ADRES                   (abs)        000FC3
_BRGH                    (abs)        007D62
_CREN                    (abs)        007D5C
_INT                     intcodelo    000018
_INTCONbits              (abs)        000FF2
_PORTBbits               (abs)        000F81
_PORTCbits               (abs)        000F82
_PORTD                   (abs)        000F83
_PORTEbits               (abs)        000F84
_RCIF                    (abs)        007CF5
_RCREG                   (abs)        000FAE
_SPBRG                   (abs)        000FAF
_SPEN                    (abs)        007D5F
_SYNC                    (abs)        007D64
_T0CONbits               (abs)        000FD5
_TMR0H                   (abs)        000FD7
_TMR0L                   (abs)        000FD6
_TRISAbits               (abs)        000F92
_TRISB                   (abs)        000F93
_TRISBbits               (abs)        000F93
_TRISC6                  (abs)        007CA6
_TRISC7                  (abs)        007CA7
_TRISCbits               (abs)        000F94
_TRISD                   (abs)        000F95
_TRISE                   (abs)        000F96
_TRMT                    (abs)        007D61
_TXEN                    (abs)        007D65
_TXREG                   (abs)        000FAD
__CFG_BOR$ON             (abs)        000000
__CFG_BORV$3             (abs)        000000
__CFG_CCP2MX$ON          (abs)        000000
__CFG_CP0$OFF            (abs)        000000
__CFG_CP1$OFF            (abs)        000000
__CFG_CP2$OFF            (abs)        000000
__CFG_CP3$OFF            (abs)        000000
__CFG_CPB$OFF            (abs)        000000
__CFG_CPD$OFF            (abs)        000000
__CFG_CPUDIV$OSC1_PLL2   (abs)        000000
__CFG_EBTR0$OFF          (abs)        000000
__CFG_EBTR1$OFF          (abs)        000000
__CFG_EBTR2$OFF          (abs)        000000
__CFG_EBTR3$OFF          (abs)        000000
__CFG_EBTRB$OFF          (abs)        000000
__CFG_FCMEN$OFF          (abs)        000000
__CFG_FOSC$HS            (abs)        000000
__CFG_ICPRT$OFF          (abs)        000000
__CFG_IESO$OFF           (abs)        000000
__CFG_LPT1OSC$OFF        (abs)        000000
__CFG_LVP$OFF            (abs)        000000
__CFG_MCLRE$ON           (abs)        000000
__CFG_PBADEN$ON          (abs)        000000
__CFG_PLLDIV$1           (abs)        000000
__CFG_PWRT$OFF           (abs)        000000
__CFG_STVREN$ON          (abs)        000000
__CFG_USBDIV$1           (abs)        000000
__CFG_VREGEN$OFF         (abs)        000000
__CFG_WDT$OFF            (abs)        000000
__CFG_WDTPS$32768        (abs)        000000
__CFG_WRT0$OFF           (abs)        000000
__CFG_WRT1$OFF           (abs)        000000
__CFG_WRT2$OFF           (abs)        000000
__CFG_WRT3$OFF           (abs)        000000
__CFG_WRTB$OFF           (abs)        000000
__CFG_WRTC$OFF           (abs)        000000
__CFG_WRTD$OFF           (abs)        000000
__CFG_XINST$OFF          (abs)        000000
__HRAM                   (abs)        000000
__Habs1                  abs1         000000
__Hbank0                 bank0        000000
__Hbank1                 bank1        000000
__Hbank2                 bank2        000000
__Hbank3                 bank3        000000
__Hbank4                 bank4        000000
__Hbank5                 bank5        000000
__Hbank6                 bank6        000000
__Hbank7                 bank7        000000
__Hbigbss                bigbss       000000
__Hbigdata               bigdata      000000
__Hbigram                bigram       000000
__Hbss                   bss          000000
__HbssCOMRAM             bssCOMRAM    000000
__Hcinit                 cinit        000000
__Hclrtext               clrtext      000000
__Hcomram                comram       000000
__Hconfig                config       30000E
__Hconst                 const        000000
__HcstackCOMRAM          cstackCOMRAM 000000
__Hdata                  data         000000
__Heeprom_data           eeprom_data  000000
__Hfarbss                farbss       000000
__Hfardata               fardata      000000
__Hibigdata              ibigdata     000000
__Hidata                 idata        000000
__Hidloc                 idloc        200008
__Hifardata              ifardata     000000
__Hinit                  init         0000D0
__Hintcode               intcode      000004
__Hintcode_body          intcode_body 000000
__Hintcodelo             intcodelo    0000CC
__Hintentry              intentry     000000
__Hintret                intret       000000
__Hintsave_regs          intsave_regs 000000
__Hirdata                irdata       000000
__Hmediumconst           mediumconst  000000
__HnvFARRAM              nvFARRAM     000000
__Hnvbit                 nvbit        000000
__Hnvrram                nvrram       000000
__Hparam                 rparam       000000
__Hpowerup               powerup      0000CC
__Hram                   ram          000000
__Hramtop                ramtop       000800
__Hrbit                  rbit         000000
__Hrbss                  rbss         000000
__Hrdata                 rdata        000000
__Hreset_vec             reset_vec    000004
__Hrparam                rparam       000000
__Hsfr                   sfr          000000
__Hsmallconst            smallconst   000870
__Hspace_0               (abs)        30000E
__Hspace_1               (abs)        00002D
__Hspace_2               (abs)        000000
__Hstack                 stack        000000
__Hstruct                struct       000000
__Htemp                  temp         00002D
__Htext                  text         000000
__Htext0                 text0        000000
__Htext1                 text1        000000
__Htext10                text10       000000
__Htext11                text11       000000
__Htext12                text12       000000
__Htext13                text13       000000
__Htext2                 text2        000000
__Htext3                 text3        000000
__Htext4                 text4        000000
__Htext5                 text5        000000
__Htext6                 text6        000000
__Htext7                 text7        000000
__Htext8                 text8        000000
__Htext9                 text9        000000
__LRAM                   (abs)        000001
__Labs1                  abs1         000000
__Lbank0                 bank0        000000
__Lbank1                 bank1        000000
__Lbank2                 bank2        000000
__Lbank3                 bank3        000000
__Lbank4                 bank4        000000
__Lbank5                 bank5        000000
__Lbank6                 bank6        000000
__Lbank7                 bank7        000000
__Lbigbss                bigbss       000000
__Lbigdata               bigdata      000000
__Lbigram                bigram       000000
__Lbss                   bss          000000
__LbssCOMRAM             bssCOMRAM    000000
__Lcinit                 cinit        000000
__Lclrtext               clrtext      000000
__Lcomram                comram       000000
__Lconfig                config       300000
__Lconst                 const        000000
__LcstackCOMRAM          cstackCOMRAM 000000
__Ldata                  data         000000
__Leeprom_data           eeprom_data  000000
__Lfarbss                farbss       000000
__Lfardata               fardata      000000
__Libigdata              ibigdata     000000
__Lidata                 idata        000000
__Lidloc                 idloc        200000
__Lifardata              ifardata     000000
__Linit                  init         0000CC
__Lintcode               intcode      000004
__Lintcode_body          intcode_body 000000
__Lintcodelo             intcodelo    000018
__Lintentry              intentry     000000
__Lintret                intret       000000
__Lintsave_regs          intsave_regs 000000
__Lirdata                irdata       000000
__Lmediumconst           mediumconst  000000
__LnvFARRAM              nvFARRAM     000000
__Lnvbit                 nvbit        000000
__Lnvrram                nvrram       000000
__Lparam                 rparam       000000
__Lpowerup               powerup      0000CC
__Lram                   ram          000000
__Lramtop                ramtop       000800
__Lrbit                  rbit         000000
__Lrbss                  rbss         000000
__Lrdata                 rdata        000000
__Lreset_vec             reset_vec    000000
__Lrparam                rparam       000000
__Lsfr                   sfr          000000
__Lsmallconst            smallconst   000800
__Lspace_0               (abs)        000000
__Lspace_1               (abs)        000000
__Lspace_2               (abs)        000000
__Lstack                 stack        000000
__Lstruct                struct       000000
__Ltemp                  temp         00002C
__Ltext                  text         000000
__Ltext0                 text0        000000
__Ltext1                 text1        000000
__Ltext10                text10       000000
__Ltext11                text11       000000
__Ltext12                text12       000000
__Ltext13                text13       000000
__Ltext2                 text2        000000
__Ltext3                 text3        000000
__Ltext4                 text4        000000
__Ltext5                 text5        000000
__Ltext6                 text6        000000
__Ltext7                 text7        000000
__Ltext8                 text8        000000
__Ltext9                 text9        000000
__S0                     (abs)        30000E
__S1                     (abs)        00002D
__S2                     (abs)        000000
___inthi_sp              stack        000000
___intlo_sp              stack        000000
___param_bank            (abs)        000000
___rparam_used           (abs)        000001
___sp                    stack        000000
__accesstop              (abs)        000060
__activetblptr           (abs)        000001
__end_of_ADCInit         text13       000E58
__end_of_ADCRead         text5        000E1C
__end_of_INT             intcodelo    0000CC
__end_of__initialization cinit        000E20
__end_of_clearLCD        text10       000E60
__end_of_cmpSignal       text9        000CCC
__end_of_ena_pulse       text12       000D4E
__end_of_init_LCD        text8        000DCA
__end_of_init_UART       text7        000E46
__end_of_init_timer      text6        000DA4
__end_of_main            text0        000BDE
__end_of_readSignal      text4        000C80
__end_of_send_cfg        text11       000DE8
__end_of_send_msg        text2        000D7E
__end_of_set_line        text3        000E04
__end_of_write_LCD       text1        000D16
__initialization         cinit        000E1C
__mediumconst            mediumconst  000000
__pbssCOMRAM             bssCOMRAM    00002A
__pcinit                 cinit        000E1C
__pcstackCOMRAM          cstackCOMRAM 000001
__pintcodelo             intcodelo    000018
__psmallconst            smallconst   000800
__ptext0                 text0        000870
__ptext1                 text1        000CCC
__ptext10                text10       000E58
__ptext11                text11       000DCA
__ptext12                text12       000D16
__ptext13                text13       000E46
__ptext2                 text2        000D4E
__ptext3                 text3        000DE8
__ptext4                 text4        000BDE
__ptext5                 text5        000E04
__ptext6                 text6        000D7E
__ptext7                 text7        000E32
__ptext8                 text8        000DA4
__ptext9                 text9        000C80
__ramtop                 ramtop       000800
__size_of_ADCInit        (abs)        000000
__size_of_ADCRead        (abs)        000000
__size_of_INT            (abs)        000000
__size_of_clearLCD       (abs)        000000
__size_of_cmpSignal      (abs)        000000
__size_of_ena_pulse      (abs)        000000
__size_of_init_LCD       (abs)        000000
__size_of_init_UART      (abs)        000000
__size_of_init_timer     (abs)        000000
__size_of_main           (abs)        000000
__size_of_readSignal     (abs)        000000
__size_of_send_cfg       (abs)        000000
__size_of_send_msg       (abs)        000000
__size_of_set_line       (abs)        000000
__size_of_write_LCD      (abs)        000000
__smallconst             smallconst   000800
_clearLCD                text10       000E58
_cmpSignal               text9        000C80
_ena_pulse               text12       000D16
_i                       bssCOMRAM    00002A
_init_LCD                text8        000DA4
_init_UART               text7        000E32
_init_timer              text6        000D7E
_main                    text0        000870
_readSignal              text4        000BDE
_send_cfg                text11       000DCA
_send_msg                text2        000D4E
_set_line                text3        000DE8
_write_LCD               text1        000CCC
btemp                    temp         00002C
cmpSignal@pass           cstackCOMRAM 000012
cmpSignal@toc            cstackCOMRAM 000014
end_of_initialization    cinit        000E20
int$flags                temp         00002C
intlevel0                text         000000
intlevel1                text         000000
intlevel2                text         000000
intlevel3                text         000000
main@i                   cstackCOMRAM 000028
main@pass                cstackCOMRAM 000024
main@toc                 cstackCOMRAM 000026
readSignal@i             cstackCOMRAM 00001E
readSignal@j             cstackCOMRAM 000020
readSignal@limite        cstackCOMRAM 00001C
readSignal@pos           cstackCOMRAM 000018
readSignal@signal        cstackCOMRAM 000016
send_cfg@cmd             cstackCOMRAM 000014
send_msg@msg             cstackCOMRAM 000014
set_line@cursor          cstackCOMRAM 000019
set_line@line            cstackCOMRAM 000015
set_line@pos             cstackCOMRAM 000017
stackhi                  (abs)        0007FF
stacklo                  (abs)        000060
start                    init         0000CC
start_initialization     cinit        000E1C
write_LCD@c              cstackCOMRAM 000015
write_LCD@i              cstackCOMRAM 000019


FUNCTION INFORMATION:

 *************** function _main *****************
 Defined at:
		line 89 in file "main.c"
 Parameters:    Size  Location     Type
		None
 Auto vars:     Size  Location     Type
  i               2   39[COMRAM] int 
  toc             2   37[COMRAM] unsigned char [2]
  pass            2   35[COMRAM] unsigned char [2]
 Return value:  Size  Location     Type
                  1    wreg      void 
 Registers used:
		wreg, fsr1l, fsr1h, fsr2l, fsr2h, status,2, status,0, tblptrl, tblptrh, tblptru, cstack
 Tracked objects:
		On entry : 
		On exit  : 
		Unchanged: 
 Data sizes:     COMRAM   BANK0   BANK1   BANK2   BANK3   BANK4   BANK5   BANK6   BANK7
      Params:         0       0       0       0       0       0       0       0       0
      Locals:         6       0       0       0       0       0       0       0       0
      Temps:          2       0       0       0       0       0       0       0       0
      Totals:         8       0       0       0       0       0       0       0       0
Total ram usage:        8 bytes
 Hardware stack levels required when called:    4
 This function calls:
		_ADCInit
		_clearLCD
		_cmpSignal
		_init_LCD
		_init_UART
		_init_timer
		_readSignal
		_send_msg
		_set_line
		_write_LCD
 This function is called by:
		Startup code after reset
 This function uses a non-reentrant model


 *************** function _write_LCD *****************
 Defined at:
		line 58 in file "LCD.c"
 Parameters:    Size  Location     Type
  c               2   20[COMRAM] PTR unsigned char 
		 -> STR_10(14), STR_9(10), STR_8(10), STR_7(10), 
		 -> STR_6(14), STR_5(11), STR_4(8), STR_3(17), 
		 -> STR_2(16), STR_1(19), 
 Auto vars:     Size  Location     Type
  i               2   24[COMRAM] int 
 Return value:  Size  Location     Type
                  1    wreg      void 
 Registers used:
		wreg, status,2, status,0, tblptrl, tblptrh, tblptru, cstack
 Tracked objects:
		On entry : 
		On exit  : 
		Unchanged: 
 Data sizes:     COMRAM   BANK0   BANK1   BANK2   BANK3   BANK4   BANK5   BANK6   BANK7
      Params:         2       0       0       0       0       0       0       0       0
      Locals:         2       0       0       0       0       0       0       0       0
      Temps:          2       0       0       0       0       0       0       0       0
      Totals:         6       0       0       0       0       0       0       0       0
Total ram usage:        6 bytes
 Hardware stack levels used:    1
 Hardware stack levels required when called:    3
 This function calls:
		_send_msg
 This function is called by:
		_main
 This function uses a non-reentrant model


 *************** function _send_msg *****************
 Defined at:
		line 35 in file "LCD.c"
 Parameters:    Size  Location     Type
  msg             1    wreg     unsigned char 
 Auto vars:     Size  Location     Type
  msg             1   19[COMRAM] unsigned char 
 Return value:  Size  Location     Type
                  1    wreg      void 
 Registers used:
		wreg, status,2, cstack
 Tracked objects:
		On entry : 
		On exit  : 
		Unchanged: 
 Data sizes:     COMRAM   BANK0   BANK1   BANK2   BANK3   BANK4   BANK5   BANK6   BANK7
      Params:         0       0       0       0       0       0       0       0       0
      Locals:         1       0       0       0       0       0       0       0       0
      Temps:          1       0       0       0       0       0       0       0       0
      Totals:         2       0       0       0       0       0       0       0       0
Total ram usage:        2 bytes
 Hardware stack levels used:    1
 Hardware stack levels required when called:    2
 This function calls:
		_ena_pulse
 This function is called by:
		_write_LCD
		_main
 This function uses a non-reentrant model


 *************** function _set_line *****************
 Defined at:
		line 65 in file "LCD.c"
 Parameters:    Size  Location     Type
  line            2   20[COMRAM] int 
  pos             2   22[COMRAM] int 
 Auto vars:     Size  Location     Type
  cursor          1   24[COMRAM] unsigned char 
 Return value:  Size  Location     Type
                  1    wreg      void 
 Registers used:
		wreg, status,2, status,0, cstack
 Tracked objects:
		On entry : 
		On exit  : 
		Unchanged: 
 Data sizes:     COMRAM   BANK0   BANK1   BANK2   BANK3   BANK4   BANK5   BANK6   BANK7
      Params:         4       0       0       0       0       0       0       0       0
      Locals:         1       0       0       0       0       0       0       0       0
      Temps:          0       0       0       0       0       0       0       0       0
      Totals:         5       0       0       0       0       0       0       0       0
Total ram usage:        5 bytes
 Hardware stack levels used:    1
 Hardware stack levels required when called:    3
 This function calls:
		_send_cfg
 This function is called by:
		_main
 This function uses a non-reentrant model


 *************** function _readSignal *****************
 Defined at:
		line 13 in file "ReadSignal.c"
 Parameters:    Size  Location     Type
  signal          2   21[COMRAM] PTR unsigned char 
		 -> main@toc(2), main@pass(2), 
  pos             2   23[COMRAM] int 
 Auto vars:     Size  Location     Type
  j               2   31[COMRAM] int 
  i               2   29[COMRAM] int 
  limite          2   27[COMRAM] int 
 Return value:  Size  Location     Type
                  1    wreg      void 
 Registers used:
		wreg, fsr2l, fsr2h, status,2, status,0, cstack
 Tracked objects:
		On entry : 
		On exit  : 
		Unchanged: 
 Data sizes:     COMRAM   BANK0   BANK1   BANK2   BANK3   BANK4   BANK5   BANK6   BANK7
      Params:         4       0       0       0       0       0       0       0       0
      Locals:         6       0       0       0       0       0       0       0       0
      Temps:          2       0       0       0       0       0       0       0       0
      Totals:        12       0       0       0       0       0       0       0       0
Total ram usage:       12 bytes
 Hardware stack levels used:    1
 Hardware stack levels required when called:    2
 This function calls:
		_ADCRead
 This function is called by:
		_main
 This function uses a non-reentrant model


 *************** function _ADCRead *****************
 Defined at:
		line 19 in file "ADC.c"
 Parameters:    Size  Location     Type
		None
 Auto vars:     Size  Location     Type
  value           2   19[COMRAM] unsigned int 
 Return value:  Size  Location     Type
                  2   17[COMRAM] unsigned int 
 Registers used:
		None
 Tracked objects:
		On entry : 
		On exit  : 
		Unchanged: 
 Data sizes:     COMRAM   BANK0   BANK1   BANK2   BANK3   BANK4   BANK5   BANK6   BANK7
      Params:         2       0       0       0       0       0       0       0       0
      Locals:         2       0       0       0       0       0       0       0       0
      Temps:          0       0       0       0       0       0       0       0       0
      Totals:         4       0       0       0       0       0       0       0       0
Total ram usage:        4 bytes
 Hardware stack levels used:    1
 Hardware stack levels required when called:    1
 This function calls:
		Nothing
 This function is called by:
		_readSignal
 This function uses a non-reentrant model


 *************** function _init_timer *****************
 Defined at:
		line 31 in file "Interrupt.c"
 Parameters:    Size  Location     Type
		None
 Auto vars:     Size  Location     Type
		None
 Return value:  Size  Location     Type
                  1    wreg      void 
 Registers used:
		wreg, status,2
 Tracked objects:
		On entry : 
		On exit  : 
		Unchanged: 
 Data sizes:     COMRAM   BANK0   BANK1   BANK2   BANK3   BANK4   BANK5   BANK6   BANK7
      Params:         0       0       0       0       0       0       0       0       0
      Locals:         0       0       0       0       0       0       0       0       0
      Temps:          0       0       0       0       0       0       0       0       0
      Totals:         0       0       0       0       0       0       0       0       0
Total ram usage:        0 bytes
 Hardware stack levels used:    1
 Hardware stack levels required when called:    1
 This function calls:
		Nothing
 This function is called by:
		_main
 This function uses a non-reentrant model


 *************** function _init_UART *****************
 Defined at:
		line 10 in file "USART.c"
 Parameters:    Size  Location     Type
		None
 Auto vars:     Size  Location     Type
		None
 Return value:  Size  Location     Type
                  1    wreg      void 
 Registers used:
		wreg, status,2
 Tracked objects:
		On entry : 
		On exit  : 
		Unchanged: 
 Data sizes:     COMRAM   BANK0   BANK1   BANK2   BANK3   BANK4   BANK5   BANK6   BANK7
      Params:         0       0       0       0       0       0       0       0       0
      Locals:         0       0       0       0       0       0       0       0       0
      Temps:          0       0       0       0       0       0       0       0       0
      Totals:         0       0       0       0       0       0       0       0       0
Total ram usage:        0 bytes
 Hardware stack levels used:    1
 Hardware stack levels required when called:    1
 This function calls:
		Nothing
 This function is called by:
		_main
 This function uses a non-reentrant model


 *************** function _init_LCD *****************
 Defined at:
		line 45 in file "LCD.c"
 Parameters:    Size  Location     Type
		None
 Auto vars:     Size  Location     Type
		None
 Return value:  Size  Location     Type
                  1    wreg      void 
 Registers used:
		wreg, status,2, cstack
 Tracked objects:
		On entry : 
		On exit  : 
		Unchanged: 
 Data sizes:     COMRAM   BANK0   BANK1   BANK2   BANK3   BANK4   BANK5   BANK6   BANK7
      Params:         0       0       0       0       0       0       0       0       0
      Locals:         0       0       0       0       0       0       0       0       0
      Temps:          0       0       0       0       0       0       0       0       0
      Totals:         0       0       0       0       0       0       0       0       0
Total ram usage:        0 bytes
 Hardware stack levels used:    1
 Hardware stack levels required when called:    3
 This function calls:
		_send_cfg
 This function is called by:
		_main
 This function uses a non-reentrant model


 *************** function _cmpSignal *****************
 Defined at:
		line 37 in file "ReadSignal.c"
 Parameters:    Size  Location     Type
  pass            2   17[COMRAM] PTR unsigned char 
		 -> main@pass(2), 
  toc             2   19[COMRAM] PTR unsigned char 
		 -> main@toc(2), 
 Auto vars:     Size  Location     Type
		None
 Return value:  Size  Location     Type
                  2   17[COMRAM] int 
 Registers used:
		wreg, fsr1l, fsr1h, fsr2l, fsr2h, status,2, status,0
 Tracked objects:
		On entry : 
		On exit  : 
		Unchanged: 
 Data sizes:     COMRAM   BANK0   BANK1   BANK2   BANK3   BANK4   BANK5   BANK6   BANK7
      Params:         4       0       0       0       0       0       0       0       0
      Locals:         0       0       0       0       0       0       0       0       0
      Temps:          2       0       0       0       0       0       0       0       0
      Totals:         6       0       0       0       0       0       0       0       0
Total ram usage:        6 bytes
 Hardware stack levels used:    1
 Hardware stack levels required when called:    1
 This function calls:
		Nothing
 This function is called by:
		_main
 This function uses a non-reentrant model


 *************** function _clearLCD *****************
 Defined at:
		line 31 in file "LCD.c"
 Parameters:    Size  Location     Type
		None
 Auto vars:     Size  Location     Type
		None
 Return value:  Size  Location     Type
                  1    wreg      void 
 Registers used:
		wreg, cstack
 Tracked objects:
		On entry : 
		On exit  : 
		Unchanged: 
 Data sizes:     COMRAM   BANK0   BANK1   BANK2   BANK3   BANK4   BANK5   BANK6   BANK7
      Params:         0       0       0       0       0       0       0       0       0
      Locals:         0       0       0       0       0       0       0       0       0
      Temps:          0       0       0       0       0       0       0       0       0
      Totals:         0       0       0       0       0       0       0       0       0
Total ram usage:        0 bytes
 Hardware stack levels used:    1
 Hardware stack levels required when called:    3
 This function calls:
		_send_cfg
 This function is called by:
		_main
 This function uses a non-reentrant model


 *************** function _send_cfg *****************
 Defined at:
		line 22 in file "LCD.c"
 Parameters:    Size  Location     Type
  cmd             1    wreg     unsigned char 
 Auto vars:     Size  Location     Type
  cmd             1   19[COMRAM] unsigned char 
 Return value:  Size  Location     Type
                  1    wreg      void 
 Registers used:
		wreg, cstack
 Tracked objects:
		On entry : 
		On exit  : 
		Unchanged: 
 Data sizes:     COMRAM   BANK0   BANK1   BANK2   BANK3   BANK4   BANK5   BANK6   BANK7
      Params:         0       0       0       0       0       0       0       0       0
      Locals:         1       0       0       0       0       0       0       0       0
      Temps:          1       0       0       0       0       0       0       0       0
      Totals:         2       0       0       0       0       0       0       0       0
Total ram usage:        2 bytes
 Hardware stack levels used:    1
 Hardware stack levels required when called:    2
 This function calls:
		_ena_pulse
 This function is called by:
		_clearLCD
		_init_LCD
		_set_line
 This function uses a non-reentrant model


 *************** function _ena_pulse *****************
 Defined at:
		line 11 in file "LCD.c"
 Parameters:    Size  Location     Type
		None
 Auto vars:     Size  Location     Type
		None
 Return value:  Size  Location     Type
                  1    wreg      void 
 Registers used:
		wreg
 Tracked objects:
		On entry : 
		On exit  : 
		Unchanged: 
 Data sizes:     COMRAM   BANK0   BANK1   BANK2   BANK3   BANK4   BANK5   BANK6   BANK7
      Params:         0       0       0       0       0       0       0       0       0
      Locals:         0       0       0       0       0       0       0       0       0
      Temps:          1       0       0       0       0       0       0       0       0
      Totals:         1       0       0       0       0       0       0       0       0
Total ram usage:        1 bytes
 Hardware stack levels used:    1
 Hardware stack levels required when called:    1
 This function calls:
		Nothing
 This function is called by:
		_send_cfg
		_send_msg
 This function uses a non-reentrant model


 *************** function _ADCInit *****************
 Defined at:
		line 11 in file "ADC.c"
 Parameters:    Size  Location     Type
		None
 Auto vars:     Size  Location     Type
		None
 Return value:  Size  Location     Type
                  1    wreg      void 
 Registers used:
		wreg, status,2
 Tracked objects:
		On entry : 
		On exit  : 
		Unchanged: 
 Data sizes:     COMRAM   BANK0   BANK1   BANK2   BANK3   BANK4   BANK5   BANK6   BANK7
      Params:         0       0       0       0       0       0       0       0       0
      Locals:         0       0       0       0       0       0       0       0       0
      Temps:          0       0       0       0       0       0       0       0       0
      Totals:         0       0       0       0       0       0       0       0       0
Total ram usage:        0 bytes
 Hardware stack levels used:    1
 Hardware stack levels required when called:    1
 This function calls:
		Nothing
 This function is called by:
		_main
 This function uses a non-reentrant model


 *************** function _INT *****************
 Defined at:
		line 12 in file "Interrupt.c"
 Parameters:    Size  Location     Type
		None
 Auto vars:     Size  Location     Type
		None
 Return value:  Size  Location     Type
                  1    wreg      void 
 Registers used:
		wreg, status,2, status,0
 Tracked objects:
		On entry : 
		On exit  : 
		Unchanged: 
 Data sizes:     COMRAM   BANK0   BANK1   BANK2   BANK3   BANK4   BANK5   BANK6   BANK7
      Params:         0       0       0       0       0       0       0       0       0
      Locals:         0       0       0       0       0       0       0       0       0
      Temps:         17       0       0       0       0       0       0       0       0
      Totals:        17       0       0       0       0       0       0       0       0
Total ram usage:       17 bytes
 Hardware stack levels used:    1
 This function calls:
		Nothing
 This function is called by:
		Interrupt level 1
 This function uses a non-reentrant model



MODULE INFORMATION

Module		Function		Class		Link	Load	Size
USART.c
		_init_UART     		CODE           	0E32	0000	21

USART.c estimated size: 21

shared
		__initialization		CODE           	0E1C	0000	5

shared estimated size: 5

Interrupt.c
		_INT           		CODE           	0018	0000	181
		_init_timer    		CODE           	0D7E	0000	39

Interrupt.c estimated size: 220

ReadSignal.c
		_readSignal    		CODE           	0BDE	0000	163
		_cmpSignal     		CODE           	0C80	0000	77

ReadSignal.c estimated size: 240

ADC.c
		_ADCInit       		CODE           	0E46	0000	19
		_ADCRead       		CODE           	0E04	0000	25

ADC.c estimated size: 44

main.c
		_main          		CODE           	0870	0000	879

main.c estimated size: 879

LCD.c
		_set_line      		CODE           	0DE8	0000	29
		_send_cfg      		CODE           	0DCA	0000	31
		_write_LCD     		CODE           	0CCC	0000	75
		_init_LCD      		CODE           	0DA4	0000	39
		_ena_pulse     		CODE           	0D16	0000	57
		_send_msg      		CODE           	0D4E	0000	49
		_clearLCD      		CODE           	0E58	0000	9

LCD.c estimated size: 289

