Microchip MPLAB XC8 Compiler V1.41 ()

Linker command line:

-W-3 --edf=/opt/microchip/xc8/v1.41/dat/en_msgs.txt -cs \
  -h+dist/default/production/USART.X.production.sym \
  --cmf=dist/default/production/USART.X.production.cmf -z -Q18F4550 \
  -o/tmp/xcXydOOrt -Mdist/default/production/USART.X.production.map -E1 \
  -ver=XC8 -ASTACK=060h-07ffh -pstack=STACK -ACODE=00h-07FFFh \
  -ACONST=00h-07FFFh -ASMALLCONST=0800h-08FFhx120 \
  -AMEDIUMCONST=0800h-07FFFh -ACOMRAM=01h-05Fh -AABS1=00h-07FFh \
  -ABIGRAM=01h-07FFh -ARAM=060h-0FFh,0100h-01FFhx7 -ABANK0=060h-0FFh \
  -ABANK1=0100h-01FFh -ABANK2=0200h-02FFh -ABANK3=0300h-03FFh \
  -ABANK4=0400h-04FFh -ABANK5=0500h-05FFh -ABANK6=0600h-06FFh \
  -ABANK7=0700h-07FFh -ASFR=0F60h-0FFFh \
  -preset_vec=00h,intcode=08h,intcodelo,powerup,init -pramtop=0800h \
  -psmallconst=SMALLCONST -pmediumconst=MEDIUMCONST -pconst=CONST \
  -AFARRAM=00h-00h -ACONFIG=0300000h-030000Dh -pconfig=CONFIG \
  -AIDLOC=0200000h-0200007h -pidloc=IDLOC -AEEDATA=0F00000h-0F000FFh \
  -peeprom_data=EEDATA \
  -prdata=COMRAM,nvrram=COMRAM,nvbit=COMRAM,rbss=COMRAM,rbit=COMRAM \
  -pfarbss=FARRAM,fardata=FARRAM,nvFARRAM=FARRAM \
  -pintsave_regs=BIGRAM,bigbss=BIGRAM,bigdata=BIGRAM -pbss=RAM \
  -pidata=CODE,irdata=CODE,ibigdata=CODE,ifardata=CODE -prparam=COMRAM \
  /tmp/xcXKj3kHA.obj dist/default/production/USART.X.production.obj 

Object code version is 3.11

Machine type is 18F4550

Call graph: (short form)




                Name                               Link     Load   Length Selector   Space Scale
/tmp/xcXKj3kHA.obj
                init                                  E        E        4        4       0
                reset_vec                             0        0        4        0       0
                idloc                            200000   200000        8   200000       0
                config                           300000   300000        E   300000       0
dist/default/production/USART.X.production.obj
                intcode                               8        8        6        4       0
                temp                                 3F       3F        1        1       1
                smallconst                          800      800       76      400       0
                text30                             1372     1372       3C      43B       0
                intcode_body                        E18      E18       C4      43B       0
                text28                              EDC      EDC       BE      43B       0
                text27                             13AE     13AE       38      43B       0
                text26                             1490     1490       1E      43B       0
                text25                             153A     153A        8      43B       0
                text24                             1264     1264       4C      43B       0
                text23                             14AE     14AE       1C      43B       0
                text22                             1418     1418       30      43B       0
                text21                             12B0     12B0       4A      43B       0
                text20                              D38      D38       E0      43B       0
                text19                             1532     1532        8      43B       0
                text18                             152A     152A        8      43B       0
                text17                             1472     1472       1E      43B       0
                text16                             1336     1336       3C      43B       0
                text15                             11AA     11AA       60      43B       0
                text14                             1134     1134       76      43B       0
                text13                             14CA     14CA       18      43B       0
                text12                              F9A      F9A       A2      43B       0
                text11                              C2E      C2E      10A      43B       0
                text10                              A80      A80      1AE      43B       0
                text9                              12FA     12FA       3C      43B       0
                text8                               876      876      20A      43B       0
                text7                              1508     1508       12      43B       0
                text6                              103C     103C       82      43B       0
                text5                              120A     120A       5A      43B       0
                text4                              151A     151A       10      43B       0
                text3                              1448     1448       2A      43B       0
                text2                              14F6     14F6       12      43B       0
                text1                              14E2     14E2       14      43B       0
                text0                              10BE     10BE       76      43B       0
                cstackCOMRAM                          1        1       38        1       1
                dataCOMRAM                           3D       3D        2        1       1
                bssCOMRAM                            39       39        4        1       1
                cinit                              13E6     13E6       32      43B       0
                idataCOMRAM                        1542     1542        2      43B       0

TOTAL           Name                               Link     Load   Length     Space
        CLASS   STACK          

        CLASS   CODE           
                intcode                               8        8        6         0
                init                                  E        E        4         0
                reset_vec                             0        0        4         0
                text30                             1372     1372       3C         0
                intcode_body                        E18      E18       C4         0
                text28                              EDC      EDC       BE         0
                text27                             13AE     13AE       38         0
                text26                             1490     1490       1E         0
                text25                             153A     153A        8         0
                text24                             1264     1264       4C         0
                text23                             14AE     14AE       1C         0
                text22                             1418     1418       30         0
                text21                             12B0     12B0       4A         0
                text20                              D38      D38       E0         0
                text19                             1532     1532        8         0
                text18                             152A     152A        8         0
                text17                             1472     1472       1E         0
                text16                             1336     1336       3C         0
                text15                             11AA     11AA       60         0
                text14                             1134     1134       76         0
                text13                             14CA     14CA       18         0
                text12                              F9A      F9A       A2         0
                text11                              C2E      C2E      10A         0
                text10                              A80      A80      1AE         0
                text9                              12FA     12FA       3C         0
                text8                               876      876      20A         0
                text7                              1508     1508       12         0
                text6                              103C     103C       82         0
                text5                              120A     120A       5A         0
                text4                              151A     151A       10         0
                text3                              1448     1448       2A         0
                text2                              14F6     14F6       12         0
                text1                              14E2     14E2       14         0
                text0                              10BE     10BE       76         0
                cinit                              13E6     13E6       32         0
                idataCOMRAM                        1542     1542        2         0

        CLASS   CONST          

        CLASS   SMALLCONST     
                smallconst                          800      800       76         0

        CLASS   MEDIUMCONST    

        CLASS   COMRAM         
                temp                                 3F       3F        1         1
                cstackCOMRAM                          1        1       38         1
                dataCOMRAM                           3D       3D        2         1
                bssCOMRAM                            39       39        4         1

        CLASS   ABS1           

        CLASS   BIGRAM         

        CLASS   RAM            

        CLASS   BANK0          

        CLASS   BANK1          

        CLASS   BANK2          

        CLASS   BANK3          

        CLASS   BANK4          

        CLASS   BANK5          

        CLASS   BANK6          

        CLASS   BANK7          

        CLASS   SFR            

        CLASS   FARRAM         

        CLASS   CONFIG         
                config                           300000   300000        E         0

        CLASS   IDLOC          
                idloc                            200000   200000        8         0

        CLASS   EEDATA         



SEGMENTS        Name                           Load    Length   Top    Selector   Space  Class

                reset_vec                      000000  000004  000004         0       0  CODE    
                cstackCOMRAM                   000001  00003F  000040         1       1  COMRAM  
                intcode                        000008  00000A  000012         4       0  CODE    
                smallconst                     000800  000076  000876       400       0  SMALLCON
                text8                          000876  000CCE  001544       43B       0  CODE    
                idloc                          200000  000008  200008    200000       0  IDLOC   
                config                         300000  00000E  30000E    300000       0  CONFIG  


UNUSED ADDRESS RANGES

        Name                Unused          Largest block    Delta
        BANK0            000060-0000FF               A0
        BANK1            000100-0001FF              100
        BANK2            000200-0002FF              100
        BANK3            000300-0003FF              100
        BANK4            000400-0004FF              100
        BANK5            000500-0005FF              100
        BANK6            000600-0006FF              100
        BANK7            000700-0007FF              100
        BIGRAM           000040-0007FF              7C0
        CODE             000004-000007                4
                         000012-0007FF              7EE
                         001544-007FFF             6ABC
        COMRAM           000040-00005F               20
        CONST            000004-000007                4
                         000012-0007FF              7EE
                         001544-007FFF             6ABC
        EEDATA           F00000-F000FF              100
        MEDIUMCONST      001544-007FFF             6ABC
        RAM              000060-0007FF              100
        SFR              000F60-000FFF               A0
        SMALLCONST       001544-007FFF              100
        STACK            000060-0007FF              7A0

                                  Symbol Table

?___lldiv                 cstackCOMRAM 000015
?_cmpPass                 cstackCOMRAM 00001E
?_cmpSignal               cstackCOMRAM 000015
?_cmp_MSG1                cstackCOMRAM 000015
?_cmp_MSG2                cstackCOMRAM 000015
?_confirmarSenha          cstackCOMRAM 00001E
?_read_ADC                cstackCOMRAM 000015
DutyCycle_PWM@Valor       cstackCOMRAM 000015
_ACKDT                    (abs)        007E2D
_ACKEN                    (abs)        007E2C
_ADCON0                   (abs)        000FC2
_ADCON0bits               (abs)        000FC2
_ADCON1                   (abs)        000FC1
_ADCON2                   (abs)        000FC0
_ADRES                    (abs)        000FC3
_BRGH                     (abs)        007D62
_CCP1CON                  (abs)        000FBD
_CCP1CONbits              (abs)        000FBD
_CCPR1L                   (abs)        000FBE
_CREN                     (abs)        007D5C
_DutyCycle_PWM            text9        0012FA
_INTCON2bits              (abs)        000FF1
_INTCON3bits              (abs)        000FF0
_INTCONbits               (abs)        000FF2
_ISR                      intcode      000008
_PORTBbits                (abs)        000F81
_PORTCbits                (abs)        000F82
_PORTD                    (abs)        000F83
_PORTEbits                (abs)        000F84
_PR2                      (abs)        000FCB
_RCIF                     (abs)        007CF5
_RCREG                    (abs)        000FAE
_SPBRG                    (abs)        000FAF
_SPEN                     (abs)        007D5F
_SSPADD                   (abs)        000FC8
_SSPBUF                   (abs)        000FC9
_SSPCON1                  (abs)        000FC6
_SSPCON2                  (abs)        000FC5
_SSPCON2bits              (abs)        000FC5
_SSPSTAT                  (abs)        000FC7
_SYNC                     (abs)        007D64
_T0CONbits                (abs)        000FD5
_T2CON                    (abs)        000FCA
_TMR0H                    (abs)        000FD7
_TMR0L                    (abs)        000FD6
_TRISAbits                (abs)        000F92
_TRISB                    (abs)        000F93
_TRISBbits                (abs)        000F93
_TRISC6                   (abs)        007CA6
_TRISC7                   (abs)        007CA7
_TRISCbits                (abs)        000F94
_TRISD                    (abs)        000F95
_TRISE                    (abs)        000F96
_TRMT                     (abs)        007D61
_TXEN                     (abs)        007D65
_TXREG                    (abs)        000FAD
_UART_Data_Ready          text19       001532
_UART_Read                text18       00152A
__CFG_BOR$ON              (abs)        000000
__CFG_BORV$3              (abs)        000000
__CFG_CCP2MX$ON           (abs)        000000
__CFG_CP0$OFF             (abs)        000000
__CFG_CP1$OFF             (abs)        000000
__CFG_CP2$OFF             (abs)        000000
__CFG_CP3$OFF             (abs)        000000
__CFG_CPB$OFF             (abs)        000000
__CFG_CPD$OFF             (abs)        000000
__CFG_CPUDIV$OSC1_PLL2    (abs)        000000
__CFG_EBTR0$OFF           (abs)        000000
__CFG_EBTR1$OFF           (abs)        000000
__CFG_EBTR2$OFF           (abs)        000000
__CFG_EBTR3$OFF           (abs)        000000
__CFG_EBTRB$OFF           (abs)        000000
__CFG_FCMEN$OFF           (abs)        000000
__CFG_FOSC$HS             (abs)        000000
__CFG_ICPRT$OFF           (abs)        000000
__CFG_IESO$OFF            (abs)        000000
__CFG_LPT1OSC$OFF         (abs)        000000
__CFG_LVP$OFF             (abs)        000000
__CFG_MCLRE$ON            (abs)        000000
__CFG_PBADEN$OFF          (abs)        000000
__CFG_PLLDIV$1            (abs)        000000
__CFG_PWRT$OFF            (abs)        000000
__CFG_STVREN$ON           (abs)        000000
__CFG_USBDIV$1            (abs)        000000
__CFG_VREGEN$OFF          (abs)        000000
__CFG_WDT$OFF             (abs)        000000
__CFG_WDTPS$32768         (abs)        000000
__CFG_WRT0$OFF            (abs)        000000
__CFG_WRT1$OFF            (abs)        000000
__CFG_WRT2$OFF            (abs)        000000
__CFG_WRT3$OFF            (abs)        000000
__CFG_WRTB$OFF            (abs)        000000
__CFG_WRTC$OFF            (abs)        000000
__CFG_WRTD$OFF            (abs)        000000
__CFG_XINST$OFF           (abs)        000000
__HRAM                    (abs)        000000
__Habs1                   abs1         000000
__Hbank0                  bank0        000000
__Hbank1                  bank1        000000
__Hbank2                  bank2        000000
__Hbank3                  bank3        000000
__Hbank4                  bank4        000000
__Hbank5                  bank5        000000
__Hbank6                  bank6        000000
__Hbank7                  bank7        000000
__Hbigbss                 bigbss       000000
__Hbigdata                bigdata      000000
__Hbigram                 bigram       000000
__Hbss                    bss          000000
__HbssCOMRAM              bssCOMRAM    000000
__Hcinit                  cinit        000000
__Hclrtext                clrtext      000000
__Hcomram                 comram       000000
__Hconfig                 config       30000E
__Hconst                  const        000000
__HcstackCOMRAM           cstackCOMRAM 000000
__Hdata                   data         000000
__HdataCOMRAM             dataCOMRAM   000000
__Heeprom_data            eeprom_data  000000
__Hfarbss                 farbss       000000
__Hfardata                fardata      000000
__Hibigdata               ibigdata     000000
__Hidata                  idata        000000
__HidataCOMRAM            idataCOMRAM  000000
__Hidloc                  idloc        200008
__Hifardata               ifardata     000000
__Hinit                   init         000012
__Hintcode                intcode      00000E
__Hintcode_body           intcode_body 000000
__Hintcodelo              intcodelo    00000E
__Hintentry               intentry     000000
__Hintret                 intret       000000
__Hintsave_regs           intsave_regs 000000
__Hirdata                 irdata       000000
__Hmediumconst            mediumconst  000000
__HnvFARRAM               nvFARRAM     000000
__Hnvbit                  nvbit        000000
__Hnvrram                 nvrram       000000
__Hparam                  rparam       000000
__Hpowerup                powerup      00000E
__Hram                    ram          000000
__Hramtop                 ramtop       000800
__Hrbit                   rbit         000000
__Hrbss                   rbss         000000
__Hrdata                  rdata        000000
__Hreset_vec              reset_vec    000004
__Hrparam                 rparam       000000
__Hsfr                    sfr          000000
__Hsmallconst             smallconst   000876
__Hspace_0                (abs)        30000E
__Hspace_1                (abs)        000040
__Hspace_2                (abs)        000000
__Hstack                  stack        000000
__Hstruct                 struct       000000
__Htemp                   temp         000040
__Htext                   text         000000
__Htext0                  text0        000000
__Htext1                  text1        000000
__Htext10                 text10       000000
__Htext11                 text11       000000
__Htext12                 text12       000000
__Htext13                 text13       000000
__Htext14                 text14       000000
__Htext15                 text15       000000
__Htext16                 text16       000000
__Htext17                 text17       000000
__Htext18                 text18       000000
__Htext19                 text19       000000
__Htext2                  text2        000000
__Htext20                 text20       000000
__Htext21                 text21       000000
__Htext22                 text22       000000
__Htext23                 text23       000000
__Htext24                 text24       000000
__Htext25                 text25       000000
__Htext26                 text26       000000
__Htext27                 text27       000000
__Htext28                 text28       000000
__Htext3                  text3        000000
__Htext30                 text30       000000
__Htext4                  text4        000000
__Htext5                  text5        000000
__Htext6                  text6        000000
__Htext7                  text7        000000
__Htext8                  text8        000000
__Htext9                  text9        000000
__LRAM                    (abs)        000001
__Labs1                   abs1         000000
__Lbank0                  bank0        000000
__Lbank1                  bank1        000000
__Lbank2                  bank2        000000
__Lbank3                  bank3        000000
__Lbank4                  bank4        000000
__Lbank5                  bank5        000000
__Lbank6                  bank6        000000
__Lbank7                  bank7        000000
__Lbigbss                 bigbss       000000
__Lbigdata                bigdata      000000
__Lbigram                 bigram       000000
__Lbss                    bss          000000
__LbssCOMRAM              bssCOMRAM    000000
__Lcinit                  cinit        000000
__Lclrtext                clrtext      000000
__Lcomram                 comram       000000
__Lconfig                 config       300000
__Lconst                  const        000000
__LcstackCOMRAM           cstackCOMRAM 000000
__Ldata                   data         000000
__LdataCOMRAM             dataCOMRAM   000000
__Leeprom_data            eeprom_data  000000
__Lfarbss                 farbss       000000
__Lfardata                fardata      000000
__Libigdata               ibigdata     000000
__Lidata                  idata        000000
__LidataCOMRAM            idataCOMRAM  000000
__Lidloc                  idloc        200000
__Lifardata               ifardata     000000
__Linit                   init         00000E
__Lintcode                intcode      000008
__Lintcode_body           intcode_body 000000
__Lintcodelo              intcodelo    00000E
__Lintentry               intentry     000000
__Lintret                 intret       000000
__Lintsave_regs           intsave_regs 000000
__Lirdata                 irdata       000000
__Lmediumconst            mediumconst  000000
__LnvFARRAM               nvFARRAM     000000
__Lnvbit                  nvbit        000000
__Lnvrram                 nvrram       000000
__Lparam                  rparam       000000
__Lpowerup                powerup      00000E
__Lram                    ram          000000
__Lramtop                 ramtop       000800
__Lrbit                   rbit         000000
__Lrbss                   rbss         000000
__Lrdata                  rdata        000000
__Lreset_vec              reset_vec    000000
__Lrparam                 rparam       000000
__Lsfr                    sfr          000000
__Lsmallconst             smallconst   000800
__Lspace_0                (abs)        000000
__Lspace_1                (abs)        000000
__Lspace_2                (abs)        000000
__Lstack                  stack        000000
__Lstruct                 struct       000000
__Ltemp                   temp         00003F
__Ltext                   text         000000
__Ltext0                  text0        000000
__Ltext1                  text1        000000
__Ltext10                 text10       000000
__Ltext11                 text11       000000
__Ltext12                 text12       000000
__Ltext13                 text13       000000
__Ltext14                 text14       000000
__Ltext15                 text15       000000
__Ltext16                 text16       000000
__Ltext17                 text17       000000
__Ltext18                 text18       000000
__Ltext19                 text19       000000
__Ltext2                  text2        000000
__Ltext20                 text20       000000
__Ltext21                 text21       000000
__Ltext22                 text22       000000
__Ltext23                 text23       000000
__Ltext24                 text24       000000
__Ltext25                 text25       000000
__Ltext26                 text26       000000
__Ltext27                 text27       000000
__Ltext28                 text28       000000
__Ltext3                  text3        000000
__Ltext30                 text30       000000
__Ltext4                  text4        000000
__Ltext5                  text5        000000
__Ltext6                  text6        000000
__Ltext7                  text7        000000
__Ltext8                  text8        000000
__Ltext9                  text9        000000
__S0                      (abs)        30000E
__S1                      (abs)        000040
__S2                      (abs)        000000
___inthi_sp               stack        000000
___intlo_sp               stack        000000
___lldiv                  text6        00103C
___lldiv@counter          cstackCOMRAM 000021
___lldiv@dividend         cstackCOMRAM 000015
___lldiv@divisor          cstackCOMRAM 000019
___lldiv@quotient         cstackCOMRAM 00001D
___param_bank             (abs)        000000
___rparam_used            (abs)        000001
___sp                     stack        000000
__accesstop               (abs)        000060
__activetblptr            (abs)        000001
__end_of_DutyCycle_PWM    text9        001336
__end_of_ISR              intcode_body 000EDC
__end_of_UART_Data_Ready  text19       00153A
__end_of_UART_Read        text18       001532
__end_of___lldiv          text6        0010BE
__end_of__initialization  cinit        001406
__end_of_bip              text28       000F9A
__end_of_cadastrarSenha   text10       000C2E
__end_of_checkUSART       text15       00120A
__end_of_clearLCD         text25       001542
__end_of_cmpPass          text20       000E18
__end_of_cmpSignal        text24       0012B0
__end_of_cmp_MSG1         text17       001490
__end_of_cmp_MSG2         text16       001372
__end_of_confirmarSenha   text14       0011AA
__end_of_destravarPorta   text8        000A80
__end_of_ena_pulse        text27       0013E6
__end_of_init_ADC         text7        00151A
__end_of_init_I2C         text5        001264
__end_of_init_INTRB2      text4        00152A
__end_of_init_LCD         text3        001472
__end_of_init_PWM         text2        001508
__end_of_init_UART        text1        0014F6
__end_of_lerToque         text11       000D38
__end_of_main             text0        001134
__end_of_readSignal       text12       00103C
__end_of_read_ADC         text13       0014E2
__end_of_send_cfg         text26       0014AE
__end_of_send_msg         text22       001448
__end_of_set_line         text23       0014CA
__end_of_write_LCD        text21       0012FA
__end_ofi2_DutyCycle_PWM  text30       0013AE
__initialization          cinit        0013E6
__mediumconst             mediumconst  000000
__pbssCOMRAM              bssCOMRAM    000039
__pcinit                  cinit        0013E6
__pcstackCOMRAM           cstackCOMRAM 000001
__pdataCOMRAM             dataCOMRAM   00003D
__pidataCOMRAM            idataCOMRAM  001542
__pintcode                intcode      000008
__pintcode_body           intcode_body 000E18
__psmallconst             smallconst   000800
__ptext0                  text0        0010BE
__ptext1                  text1        0014E2
__ptext10                 text10       000A80
__ptext11                 text11       000C2E
__ptext12                 text12       000F9A
__ptext13                 text13       0014CA
__ptext14                 text14       001134
__ptext15                 text15       0011AA
__ptext16                 text16       001336
__ptext17                 text17       001472
__ptext18                 text18       00152A
__ptext19                 text19       001532
__ptext2                  text2        0014F6
__ptext20                 text20       000D38
__ptext21                 text21       0012B0
__ptext22                 text22       001418
__ptext23                 text23       0014AE
__ptext24                 text24       001264
__ptext25                 text25       00153A
__ptext26                 text26       001490
__ptext27                 text27       0013AE
__ptext28                 text28       000EDC
__ptext3                  text3        001448
__ptext30                 text30       001372
__ptext4                  text4        00151A
__ptext5                  text5        00120A
__ptext6                  text6        00103C
__ptext7                  text7        001508
__ptext8                  text8        000876
__ptext9                  text9        0012FA
__ramtop                  ramtop       000800
__size_of_DutyCycle_PWM   (abs)        000000
__size_of_ISR             (abs)        000000
__size_of_UART_Data_Ready (abs)        000000
__size_of_UART_Read       (abs)        000000
__size_of___lldiv         (abs)        000000
__size_of_bip             (abs)        000000
__size_of_cadastrarSenha  (abs)        000000
__size_of_checkUSART      (abs)        000000
__size_of_clearLCD        (abs)        000000
__size_of_cmpPass         (abs)        000000
__size_of_cmpSignal       (abs)        000000
__size_of_cmp_MSG1        (abs)        000000
__size_of_cmp_MSG2        (abs)        000000
__size_of_confirmarSenha  (abs)        000000
__size_of_destravarPorta  (abs)        000000
__size_of_ena_pulse       (abs)        000000
__size_of_init_ADC        (abs)        000000
__size_of_init_I2C        (abs)        000000
__size_of_init_INTRB2     (abs)        000000
__size_of_init_LCD        (abs)        000000
__size_of_init_PWM        (abs)        000000
__size_of_init_UART       (abs)        000000
__size_of_lerToque        (abs)        000000
__size_of_main            (abs)        000000
__size_of_readSignal      (abs)        000000
__size_of_read_ADC        (abs)        000000
__size_of_send_cfg        (abs)        000000
__size_of_send_msg        (abs)        000000
__size_of_set_line        (abs)        000000
__size_of_write_LCD       (abs)        000000
__size_ofi2_DutyCycle_PWM (abs)        000000
__smallconst              smallconst   000800
_bip                      text28       000EDC
_buttonCancel_Lock        bssCOMRAM    00003B
_buttonConfirm_Cad        bssCOMRAM    000039
_cadastrarSenha           text10       000A80
_checkUSART               text15       0011AA
_clearLCD                 text25       00153A
_cmpPass                  text20       000D38
_cmpSignal                text24       001264
_cmp_MSG1                 text17       001472
_cmp_MSG2                 text16       001336
_confirmarSenha           text14       001134
_destravarPorta           text8        000876
_doorState                dataCOMRAM   00003D
_ena_pulse                text27       0013AE
_init_ADC                 text7        001508
_init_I2C                 text5        00120A
_init_INTRB2              text4        00151A
_init_LCD                 text3        001448
_init_PWM                 text2        0014F6
_init_UART                text1        0014E2
_lerToque                 text11       000C2E
_main                     text0        0010BE
_readSignal               text12       000F9A
_read_ADC                 text13       0014CA
_send_cfg                 text26       001490
_send_msg                 text22       001418
_set_line                 text23       0014AE
_write_LCD                text21       0012B0
bip@j                     cstackCOMRAM 00001B
bip@rounds                cstackCOMRAM 000015
bip@time                  cstackCOMRAM 000017
btemp                     temp         00003F
cadastrarSenha@i          cstackCOMRAM 00002D
cadastrarSenha@j          cstackCOMRAM 00002F
cadastrarSenha@pass       cstackCOMRAM 000029
cadastrarSenha@temp1      cstackCOMRAM 000033
cadastrarSenha@temp2      cstackCOMRAM 000031
checkUSART@msg            cstackCOMRAM 00001B
checkUSART@op             cstackCOMRAM 000019
cmpPass@i                 cstackCOMRAM 000022
cmpPass@pass              cstackCOMRAM 00001E
cmpPass@toque             cstackCOMRAM 000020
cmpSignal@pass            cstackCOMRAM 000015
cmpSignal@toc             cstackCOMRAM 000017
cmp_MSG1@msg              cstackCOMRAM 000017
cmp_MSG2@msg              cstackCOMRAM 000018
destravarPorta@i          cstackCOMRAM 00002B
destravarPorta@pass       cstackCOMRAM 000025
destravarPorta@toque      cstackCOMRAM 000027
end_of_initialization     cinit        001406
i2DutyCycle_PWM@Valor     cstackCOMRAM 000001
i2_DutyCycle_PWM          text30       001372
init_I2C@clock            cstackCOMRAM 000022
int$flags                 temp         00003F
int_func                  intcode_body 000E18
intlevel0                 text         000000
intlevel1                 text         000000
intlevel2                 text         000000
intlevel3                 text         000000
lerToque@i                cstackCOMRAM 000027
lerToque@toque            cstackCOMRAM 000025
main@pass                 cstackCOMRAM 000037
main@toc                  cstackCOMRAM 000035
readSignal@i              cstackCOMRAM 000021
readSignal@j              cstackCOMRAM 000023
readSignal@limite         cstackCOMRAM 00001F
readSignal@pos            cstackCOMRAM 00001B
readSignal@signal         cstackCOMRAM 000019
read_ADC@value            cstackCOMRAM 000017
send_cfg@cmd              cstackCOMRAM 000017
send_msg@msg              cstackCOMRAM 000017
set_line@cursor           cstackCOMRAM 00001C
set_line@line             cstackCOMRAM 000018
set_line@pos              cstackCOMRAM 00001A
stackhi                   (abs)        0007FF
stacklo                   (abs)        000060
start                     init         00000E
start_initialization      cinit        0013E6
write_LCD@c               cstackCOMRAM 000018
write_LCD@i               cstackCOMRAM 00001C


FUNCTION INFORMATION:

 *************** function _main *****************
 Defined at:
		line 25 in file "main.c"
 Parameters:    Size  Location     Type
		None
 Auto vars:     Size  Location     Type
  pass            2   54[COMRAM] unsigned char [2]
  toc             2   52[COMRAM] unsigned char [2]
 Return value:  Size  Location     Type
                  1    wreg      void 
 Registers used:
		wreg, fsr1l, fsr1h, fsr2l, fsr2h, status,2, status,0, tblptrl, tblptrh, tblptru, cstack
 Tracked objects:
		On entry : 
		On exit  : 
		Unchanged: 
 Data sizes:     COMRAM   BANK0   BANK1   BANK2   BANK3   BANK4   BANK5   BANK6   BANK7
      Params:         0       0       0       0       0       0       0       0       0
      Locals:         4       0       0       0       0       0       0       0       0
      Temps:          0       0       0       0       0       0       0       0       0
      Totals:         4       0       0       0       0       0       0       0       0
Total ram usage:        4 bytes
 Hardware stack levels required when called:    7
 This function calls:
		_cadastrarSenha
		_destravarPorta
		_init_ADC
		_init_I2C
		_init_INTRB2
		_init_LCD
		_init_PWM
		_init_UART
 This function is called by:
		Startup code after reset
 This function uses a non-reentrant model


 *************** function _init_UART *****************
 Defined at:
		line 13 in file "USART.c"
 Parameters:    Size  Location     Type
		None
 Auto vars:     Size  Location     Type
		None
 Return value:  Size  Location     Type
                  1    wreg      void 
 Registers used:
		wreg, status,2
 Tracked objects:
		On entry : 
		On exit  : 
		Unchanged: 
 Data sizes:     COMRAM   BANK0   BANK1   BANK2   BANK3   BANK4   BANK5   BANK6   BANK7
      Params:         0       0       0       0       0       0       0       0       0
      Locals:         0       0       0       0       0       0       0       0       0
      Temps:          0       0       0       0       0       0       0       0       0
      Totals:         0       0       0       0       0       0       0       0       0
Total ram usage:        0 bytes
 Hardware stack levels used:    1
 Hardware stack levels required when called:    2
 This function calls:
		Nothing
 This function is called by:
		_main
 This function uses a non-reentrant model


 *************** function _init_PWM *****************
 Defined at:
		line 14 in file "PWM.c"
 Parameters:    Size  Location     Type
		None
 Auto vars:     Size  Location     Type
		None
 Return value:  Size  Location     Type
                  1    wreg      void 
 Registers used:
		wreg, status,2
 Tracked objects:
		On entry : 
		On exit  : 
		Unchanged: 
 Data sizes:     COMRAM   BANK0   BANK1   BANK2   BANK3   BANK4   BANK5   BANK6   BANK7
      Params:         0       0       0       0       0       0       0       0       0
      Locals:         0       0       0       0       0       0       0       0       0
      Temps:          0       0       0       0       0       0       0       0       0
      Totals:         0       0       0       0       0       0       0       0       0
Total ram usage:        0 bytes
 Hardware stack levels used:    1
 Hardware stack levels required when called:    2
 This function calls:
		Nothing
 This function is called by:
		_main
 This function uses a non-reentrant model


 *************** function _init_LCD *****************
 Defined at:
		line 45 in file "LCD.c"
 Parameters:    Size  Location     Type
		None
 Auto vars:     Size  Location     Type
		None
 Return value:  Size  Location     Type
                  1    wreg      void 
 Registers used:
		wreg, status,2, cstack
 Tracked objects:
		On entry : 
		On exit  : 
		Unchanged: 
 Data sizes:     COMRAM   BANK0   BANK1   BANK2   BANK3   BANK4   BANK5   BANK6   BANK7
      Params:         0       0       0       0       0       0       0       0       0
      Locals:         0       0       0       0       0       0       0       0       0
      Temps:          0       0       0       0       0       0       0       0       0
      Totals:         0       0       0       0       0       0       0       0       0
Total ram usage:        0 bytes
 Hardware stack levels used:    1
 Hardware stack levels required when called:    4
 This function calls:
		_send_cfg
 This function is called by:
		_main
 This function uses a non-reentrant model


 *************** function _init_INTRB2 *****************
 Defined at:
		line 51 in file "Interrupt.c"
 Parameters:    Size  Location     Type
		None
 Auto vars:     Size  Location     Type
		None
 Return value:  Size  Location     Type
                  1    wreg      void 
 Registers used:
		None
 Tracked objects:
		On entry : 
		On exit  : 
		Unchanged: 
 Data sizes:     COMRAM   BANK0   BANK1   BANK2   BANK3   BANK4   BANK5   BANK6   BANK7
      Params:         0       0       0       0       0       0       0       0       0
      Locals:         0       0       0       0       0       0       0       0       0
      Temps:          0       0       0       0       0       0       0       0       0
      Totals:         0       0       0       0       0       0       0       0       0
Total ram usage:        0 bytes
 Hardware stack levels used:    1
 Hardware stack levels required when called:    2
 This function calls:
		Nothing
 This function is called by:
		_main
 This function uses a non-reentrant model


 *************** function _init_I2C *****************
 Defined at:
		line 12 in file "I2C.c"
 Parameters:    Size  Location     Type
  clock           4   33[COMRAM] const unsigned long 
 Auto vars:     Size  Location     Type
		None
 Return value:  Size  Location     Type
                  1    wreg      void 
 Registers used:
		wreg, status,2, status,0, cstack
 Tracked objects:
		On entry : 
		On exit  : 
		Unchanged: 
 Data sizes:     COMRAM   BANK0   BANK1   BANK2   BANK3   BANK4   BANK5   BANK6   BANK7
      Params:         4       0       0       0       0       0       0       0       0
      Locals:         0       0       0       0       0       0       0       0       0
      Temps:          4       0       0       0       0       0       0       0       0
      Totals:         8       0       0       0       0       0       0       0       0
Total ram usage:        8 bytes
 Hardware stack levels used:    1
 Hardware stack levels required when called:    3
 This function calls:
		___lldiv
 This function is called by:
		_main
 This function uses a non-reentrant model


 *************** function ___lldiv *****************
 Defined at:
		line 8 in file "/opt/microchip/xc8/v1.41/sources/common/lldiv.c"
 Parameters:    Size  Location     Type
  dividend        4   20[COMRAM] unsigned long 
  divisor         4   24[COMRAM] unsigned long 
 Auto vars:     Size  Location     Type
  quotient        4   28[COMRAM] unsigned long 
  counter         1   32[COMRAM] unsigned char 
 Return value:  Size  Location     Type
                  4   20[COMRAM] unsigned long 
 Registers used:
		wreg, status,2, status,0
 Tracked objects:
		On entry : 
		On exit  : 
		Unchanged: 
 Data sizes:     COMRAM   BANK0   BANK1   BANK2   BANK3   BANK4   BANK5   BANK6   BANK7
      Params:         8       0       0       0       0       0       0       0       0
      Locals:         5       0       0       0       0       0       0       0       0
      Temps:          0       0       0       0       0       0       0       0       0
      Totals:        13       0       0       0       0       0       0       0       0
Total ram usage:       13 bytes
 Hardware stack levels used:    1
 Hardware stack levels required when called:    2
 This function calls:
		Nothing
 This function is called by:
		_init_I2C
 This function uses a non-reentrant model


 *************** function _init_ADC *****************
 Defined at:
		line 11 in file "ADC.c"
 Parameters:    Size  Location     Type
		None
 Auto vars:     Size  Location     Type
		None
 Return value:  Size  Location     Type
                  1    wreg      void 
 Registers used:
		wreg, status,2
 Tracked objects:
		On entry : 
		On exit  : 
		Unchanged: 
 Data sizes:     COMRAM   BANK0   BANK1   BANK2   BANK3   BANK4   BANK5   BANK6   BANK7
      Params:         0       0       0       0       0       0       0       0       0
      Locals:         0       0       0       0       0       0       0       0       0
      Temps:          0       0       0       0       0       0       0       0       0
      Totals:         0       0       0       0       0       0       0       0       0
Total ram usage:        0 bytes
 Hardware stack levels used:    1
 Hardware stack levels required when called:    2
 This function calls:
		Nothing
 This function is called by:
		_main
 This function uses a non-reentrant model


 *************** function _destravarPorta *****************
 Defined at:
		line 53 in file "TOCTOC.c"
 Parameters:    Size  Location     Type
  pass            2   36[COMRAM] PTR unsigned char 
		 -> main@pass(2), 
  toque           2   38[COMRAM] PTR unsigned char 
		 -> main@toc(2), 
 Auto vars:     Size  Location     Type
  i               2   42[COMRAM] int 
 Return value:  Size  Location     Type
                  1    wreg      void 
 Registers used:
		wreg, fsr1l, fsr1h, fsr2l, fsr2h, status,2, status,0, tblptrl, tblptrh, tblptru, cstack
 Tracked objects:
		On entry : 
		On exit  : 
		Unchanged: 
 Data sizes:     COMRAM   BANK0   BANK1   BANK2   BANK3   BANK4   BANK5   BANK6   BANK7
      Params:         4       0       0       0       0       0       0       0       0
      Locals:         2       0       0       0       0       0       0       0       0
      Temps:          2       0       0       0       0       0       0       0       0
      Totals:         8       0       0       0       0       0       0       0       0
Total ram usage:        8 bytes
 Hardware stack levels used:    1
 Hardware stack levels required when called:    6
 This function calls:
		_DutyCycle_PWM
		_checkUSART
		_clearLCD
		_cmpPass
		_readSignal
		_read_ADC
		_send_msg
		_set_line
		_write_LCD
 This function is called by:
		_main
 This function uses a non-reentrant model


 *************** function _DutyCycle_PWM *****************
 Defined at:
		line 43 in file "PWM.c"
 Parameters:    Size  Location     Type
  Valor           2   20[COMRAM] unsigned int 
 Auto vars:     Size  Location     Type
		None
 Return value:  Size  Location     Type
                  1    wreg      void 
 Registers used:
		wreg, status,2, status,0
 Tracked objects:
		On entry : 
		On exit  : 
		Unchanged: 
 Data sizes:     COMRAM   BANK0   BANK1   BANK2   BANK3   BANK4   BANK5   BANK6   BANK7
      Params:         2       0       0       0       0       0       0       0       0
      Locals:         0       0       0       0       0       0       0       0       0
      Temps:          2       0       0       0       0       0       0       0       0
      Totals:         4       0       0       0       0       0       0       0       0
Total ram usage:        4 bytes
 Hardware stack levels used:    1
 Hardware stack levels required when called:    2
 This function calls:
		Nothing
 This function is called by:
		_destravarPorta
 This function uses a non-reentrant model


 *************** function _cadastrarSenha *****************
 Defined at:
		line 150 in file "TOCTOC.c"
 Parameters:    Size  Location     Type
  pass            2   40[COMRAM] PTR unsigned char 
		 -> main@pass(2), 
 Auto vars:     Size  Location     Type
  temp1           2   50[COMRAM] unsigned char [2]
  temp2           2   48[COMRAM] unsigned char [2]
  j               2   46[COMRAM] int 
  i               2   44[COMRAM] int 
 Return value:  Size  Location     Type
                  1    wreg      void 
 Registers used:
		wreg, fsr1l, fsr1h, fsr2l, fsr2h, status,2, status,0, tblptrl, tblptrh, tblptru, cstack
 Tracked objects:
		On entry : 
		On exit  : 
		Unchanged: 
 Data sizes:     COMRAM   BANK0   BANK1   BANK2   BANK3   BANK4   BANK5   BANK6   BANK7
      Params:         2       0       0       0       0       0       0       0       0
      Locals:         8       0       0       0       0       0       0       0       0
      Temps:          2       0       0       0       0       0       0       0       0
      Totals:        12       0       0       0       0       0       0       0       0
Total ram usage:       12 bytes
 Hardware stack levels used:    1
 Hardware stack levels required when called:    6
 This function calls:
		_clearLCD
		_cmpPass
		_confirmarSenha
		_lerToque
		_set_line
		_write_LCD
 This function is called by:
		_main
 This function uses a non-reentrant model


 *************** function _lerToque *****************
 Defined at:
		line 26 in file "TOCTOC.c"
 Parameters:    Size  Location     Type
  toque           2   36[COMRAM] PTR unsigned char 
		 -> cadastrarSenha@temp2(2), cadastrarSenha@temp1(2), 
 Auto vars:     Size  Location     Type
  i               2   38[COMRAM] int 
 Return value:  Size  Location     Type
                  1    wreg      void 
 Registers used:
		wreg, fsr2l, fsr2h, status,2, status,0, tblptrl, tblptrh, tblptru, cstack
 Tracked objects:
		On entry : 
		On exit  : 
		Unchanged: 
 Data sizes:     COMRAM   BANK0   BANK1   BANK2   BANK3   BANK4   BANK5   BANK6   BANK7
      Params:         2       0       0       0       0       0       0       0       0
      Locals:         2       0       0       0       0       0       0       0       0
      Temps:          0       0       0       0       0       0       0       0       0
      Totals:         4       0       0       0       0       0       0       0       0
Total ram usage:        4 bytes
 Hardware stack levels used:    1
 Hardware stack levels required when called:    5
 This function calls:
		_clearLCD
		_readSignal
		_read_ADC
		_send_msg
		_set_line
		_write_LCD
 This function is called by:
		_cadastrarSenha
 This function uses a non-reentrant model


 *************** function _readSignal *****************
 Defined at:
		line 13 in file "ReadSignal.c"
 Parameters:    Size  Location     Type
  signal          2   24[COMRAM] PTR unsigned char 
		 -> cadastrarSenha@temp2(2), cadastrarSenha@temp1(2), main@toc(2), 
  pos             2   26[COMRAM] int 
 Auto vars:     Size  Location     Type
  j               2   34[COMRAM] int 
  i               2   32[COMRAM] int 
  limite          2   30[COMRAM] int 
 Return value:  Size  Location     Type
                  1    wreg      void 
 Registers used:
		wreg, fsr2l, fsr2h, status,2, status,0, cstack
 Tracked objects:
		On entry : 
		On exit  : 
		Unchanged: 
 Data sizes:     COMRAM   BANK0   BANK1   BANK2   BANK3   BANK4   BANK5   BANK6   BANK7
      Params:         4       0       0       0       0       0       0       0       0
      Locals:         6       0       0       0       0       0       0       0       0
      Temps:          2       0       0       0       0       0       0       0       0
      Totals:        12       0       0       0       0       0       0       0       0
Total ram usage:       12 bytes
 Hardware stack levels used:    1
 Hardware stack levels required when called:    3
 This function calls:
		_read_ADC
 This function is called by:
		_lerToque
		_destravarPorta
 This function uses a non-reentrant model


 *************** function _read_ADC *****************
 Defined at:
		line 20 in file "ADC.c"
 Parameters:    Size  Location     Type
		None
 Auto vars:     Size  Location     Type
  value           2   22[COMRAM] unsigned int 
 Return value:  Size  Location     Type
                  2   20[COMRAM] unsigned int 
 Registers used:
		None
 Tracked objects:
		On entry : 
		On exit  : 
		Unchanged: 
 Data sizes:     COMRAM   BANK0   BANK1   BANK2   BANK3   BANK4   BANK5   BANK6   BANK7
      Params:         2       0       0       0       0       0       0       0       0
      Locals:         2       0       0       0       0       0       0       0       0
      Temps:          0       0       0       0       0       0       0       0       0
      Totals:         4       0       0       0       0       0       0       0       0
Total ram usage:        4 bytes
 Hardware stack levels used:    1
 Hardware stack levels required when called:    2
 This function calls:
		Nothing
 This function is called by:
		_readSignal
		_lerToque
		_destravarPorta
 This function uses a non-reentrant model


 *************** function _confirmarSenha *****************
 Defined at:
		line 133 in file "TOCTOC.c"
 Parameters:    Size  Location     Type
		None
 Auto vars:     Size  Location     Type
		None
 Return value:  Size  Location     Type
                  2   29[COMRAM] int 
 Registers used:
		wreg, status,2, status,0, tblptrl, tblptrh, tblptru, cstack
 Tracked objects:
		On entry : 
		On exit  : 
		Unchanged: 
 Data sizes:     COMRAM   BANK0   BANK1   BANK2   BANK3   BANK4   BANK5   BANK6   BANK7
      Params:         2       0       0       0       0       0       0       0       0
      Locals:         0       0       0       0       0       0       0       0       0
      Temps:          0       0       0       0       0       0       0       0       0
      Totals:         2       0       0       0       0       0       0       0       0
Total ram usage:        2 bytes
 Hardware stack levels used:    1
 Hardware stack levels required when called:    5
 This function calls:
		_checkUSART
		_clearLCD
		_set_line
		_write_LCD
 This function is called by:
		_cadastrarSenha
 This function uses a non-reentrant model


 *************** function _checkUSART *****************
 Defined at:
		line 72 in file "USART.c"
 Parameters:    Size  Location     Type
		None
 Auto vars:     Size  Location     Type
  op              2   24[COMRAM] int 
  msg             1   26[COMRAM] unsigned char 
 Return value:  Size  Location     Type
                  1    wreg      void 
 Registers used:
		wreg, status,2, status,0, cstack
 Tracked objects:
		On entry : 
		On exit  : 
		Unchanged: 
 Data sizes:     COMRAM   BANK0   BANK1   BANK2   BANK3   BANK4   BANK5   BANK6   BANK7
      Params:         0       0       0       0       0       0       0       0       0
      Locals:         3       0       0       0       0       0       0       0       0
      Temps:          0       0       0       0       0       0       0       0       0
      Totals:         3       0       0       0       0       0       0       0       0
Total ram usage:        3 bytes
 Hardware stack levels used:    1
 Hardware stack levels required when called:    3
 This function calls:
		_UART_Data_Ready
		_UART_Read
		_cmp_MSG1
		_cmp_MSG2
 This function is called by:
		_destravarPorta
		_confirmarSenha
 This function uses a non-reentrant model


 *************** function _cmp_MSG2 *****************
 Defined at:
		line 61 in file "USART.c"
 Parameters:    Size  Location     Type
  msg             1    wreg     unsigned char 
 Auto vars:     Size  Location     Type
  msg             1   23[COMRAM] unsigned char 
 Return value:  Size  Location     Type
                  2   20[COMRAM] int 
 Registers used:
		wreg, status,2, status,0
 Tracked objects:
		On entry : 
		On exit  : 
		Unchanged: 
 Data sizes:     COMRAM   BANK0   BANK1   BANK2   BANK3   BANK4   BANK5   BANK6   BANK7
      Params:         2       0       0       0       0       0       0       0       0
      Locals:         1       0       0       0       0       0       0       0       0
      Temps:          1       0       0       0       0       0       0       0       0
      Totals:         4       0       0       0       0       0       0       0       0
Total ram usage:        4 bytes
 Hardware stack levels used:    1
 Hardware stack levels required when called:    2
 This function calls:
		Nothing
 This function is called by:
		_checkUSART
 This function uses a non-reentrant model


 *************** function _cmp_MSG1 *****************
 Defined at:
		line 55 in file "USART.c"
 Parameters:    Size  Location     Type
  msg             1    wreg     unsigned char 
 Auto vars:     Size  Location     Type
  msg             1   22[COMRAM] unsigned char 
 Return value:  Size  Location     Type
                  2   20[COMRAM] int 
 Registers used:
		wreg, status,2, status,0
 Tracked objects:
		On entry : 
		On exit  : 
		Unchanged: 
 Data sizes:     COMRAM   BANK0   BANK1   BANK2   BANK3   BANK4   BANK5   BANK6   BANK7
      Params:         2       0       0       0       0       0       0       0       0
      Locals:         1       0       0       0       0       0       0       0       0
      Temps:          0       0       0       0       0       0       0       0       0
      Totals:         3       0       0       0       0       0       0       0       0
Total ram usage:        3 bytes
 Hardware stack levels used:    1
 Hardware stack levels required when called:    2
 This function calls:
		Nothing
 This function is called by:
		_checkUSART
 This function uses a non-reentrant model


 *************** function _UART_Read *****************
 Defined at:
		line 44 in file "USART.c"
 Parameters:    Size  Location     Type
		None
 Auto vars:     Size  Location     Type
		None
 Return value:  Size  Location     Type
                  1    wreg      unsigned char 
 Registers used:
		wreg, status,2
 Tracked objects:
		On entry : 
		On exit  : 
		Unchanged: 
 Data sizes:     COMRAM   BANK0   BANK1   BANK2   BANK3   BANK4   BANK5   BANK6   BANK7
      Params:         0       0       0       0       0       0       0       0       0
      Locals:         0       0       0       0       0       0       0       0       0
      Temps:          0       0       0       0       0       0       0       0       0
      Totals:         0       0       0       0       0       0       0       0       0
Total ram usage:        0 bytes
 Hardware stack levels used:    1
 Hardware stack levels required when called:    2
 This function calls:
		Nothing
 This function is called by:
		_checkUSART
		_UART_Read_Text
 This function uses a non-reentrant model


 *************** function _UART_Data_Ready *****************
 Defined at:
		line 40 in file "USART.c"
 Parameters:    Size  Location     Type
		None
 Auto vars:     Size  Location     Type
		None
 Return value:  Size  Location     Type
                  1    wreg      unsigned char 
 Registers used:
		wreg
 Tracked objects:
		On entry : 
		On exit  : 
		Unchanged: 
 Data sizes:     COMRAM   BANK0   BANK1   BANK2   BANK3   BANK4   BANK5   BANK6   BANK7
      Params:         0       0       0       0       0       0       0       0       0
      Locals:         0       0       0       0       0       0       0       0       0
      Temps:          0       0       0       0       0       0       0       0       0
      Totals:         0       0       0       0       0       0       0       0       0
Total ram usage:        0 bytes
 Hardware stack levels used:    1
 Hardware stack levels required when called:    2
 This function calls:
		Nothing
 This function is called by:
		_checkUSART
 This function uses a non-reentrant model


 *************** function _cmpPass *****************
 Defined at:
		line 109 in file "TOCTOC.c"
 Parameters:    Size  Location     Type
  pass            2   29[COMRAM] PTR unsigned char 
		 -> cadastrarSenha@temp1(2), main@pass(2), 
  toque           2   31[COMRAM] PTR unsigned char 
		 -> cadastrarSenha@temp2(2), main@toc(2), 
 Auto vars:     Size  Location     Type
  i               2   33[COMRAM] int 
 Return value:  Size  Location     Type
                  2   29[COMRAM] int 
 Registers used:
		wreg, fsr1l, fsr1h, fsr2l, fsr2h, status,2, status,0, tblptrl, tblptrh, tblptru, cstack
 Tracked objects:
		On entry : 
		On exit  : 
		Unchanged: 
 Data sizes:     COMRAM   BANK0   BANK1   BANK2   BANK3   BANK4   BANK5   BANK6   BANK7
      Params:         4       0       0       0       0       0       0       0       0
      Locals:         2       0       0       0       0       0       0       0       0
      Temps:          0       0       0       0       0       0       0       0       0
      Totals:         6       0       0       0       0       0       0       0       0
Total ram usage:        6 bytes
 Hardware stack levels used:    1
 Hardware stack levels required when called:    5
 This function calls:
		_bip
		_clearLCD
		_cmpSignal
		_set_line
		_write_LCD
 This function is called by:
		_destravarPorta
		_cadastrarSenha
 This function uses a non-reentrant model


 *************** function _write_LCD *****************
 Defined at:
		line 59 in file "LCD.c"
 Parameters:    Size  Location     Type
  c               2   23[COMRAM] PTR unsigned char 
		 -> STR_18(11), STR_17(6), STR_16(6), STR_15(11), 
		 -> STR_14(6), STR_13(13), STR_12(6), STR_11(13), 
		 -> STR_10(14), STR_9(10), STR_8(10), STR_7(10), 
		 -> STR_6(14), STR_5(10), STR_4(12), STR_3(6), 
		 -> STR_2(14), STR_1(14), 
 Auto vars:     Size  Location     Type
  i               2   27[COMRAM] int 
 Return value:  Size  Location     Type
                  1    wreg      void 
 Registers used:
		wreg, status,2, status,0, tblptrl, tblptrh, tblptru, cstack
 Tracked objects:
		On entry : 
		On exit  : 
		Unchanged: 
 Data sizes:     COMRAM   BANK0   BANK1   BANK2   BANK3   BANK4   BANK5   BANK6   BANK7
      Params:         2       0       0       0       0       0       0       0       0
      Locals:         2       0       0       0       0       0       0       0       0
      Temps:          2       0       0       0       0       0       0       0       0
      Totals:         6       0       0       0       0       0       0       0       0
Total ram usage:        6 bytes
 Hardware stack levels used:    1
 Hardware stack levels required when called:    4
 This function calls:
		_send_msg
 This function is called by:
		_lerToque
		_destravarPorta
		_cmpPass
		_confirmarSenha
		_cadastrarSenha
 This function uses a non-reentrant model


 *************** function _send_msg *****************
 Defined at:
		line 35 in file "LCD.c"
 Parameters:    Size  Location     Type
  msg             1    wreg     unsigned char 
 Auto vars:     Size  Location     Type
  msg             1   22[COMRAM] unsigned char 
 Return value:  Size  Location     Type
                  1    wreg      void 
 Registers used:
		wreg, status,2, cstack
 Tracked objects:
		On entry : 
		On exit  : 
		Unchanged: 
 Data sizes:     COMRAM   BANK0   BANK1   BANK2   BANK3   BANK4   BANK5   BANK6   BANK7
      Params:         0       0       0       0       0       0       0       0       0
      Locals:         1       0       0       0       0       0       0       0       0
      Temps:          1       0       0       0       0       0       0       0       0
      Totals:         2       0       0       0       0       0       0       0       0
Total ram usage:        2 bytes
 Hardware stack levels used:    1
 Hardware stack levels required when called:    3
 This function calls:
		_ena_pulse
 This function is called by:
		_write_LCD
		_lerToque
		_destravarPorta
 This function uses a non-reentrant model


 *************** function _set_line *****************
 Defined at:
		line 66 in file "LCD.c"
 Parameters:    Size  Location     Type
  line            2   23[COMRAM] int 
  pos             2   25[COMRAM] int 
 Auto vars:     Size  Location     Type
  cursor          1   27[COMRAM] unsigned char 
 Return value:  Size  Location     Type
                  1    wreg      void 
 Registers used:
		wreg, status,2, status,0, cstack
 Tracked objects:
		On entry : 
		On exit  : 
		Unchanged: 
 Data sizes:     COMRAM   BANK0   BANK1   BANK2   BANK3   BANK4   BANK5   BANK6   BANK7
      Params:         4       0       0       0       0       0       0       0       0
      Locals:         1       0       0       0       0       0       0       0       0
      Temps:          0       0       0       0       0       0       0       0       0
      Totals:         5       0       0       0       0       0       0       0       0
Total ram usage:        5 bytes
 Hardware stack levels used:    1
 Hardware stack levels required when called:    4
 This function calls:
		_send_cfg
 This function is called by:
		_lerToque
		_destravarPorta
		_cmpPass
		_confirmarSenha
		_cadastrarSenha
 This function uses a non-reentrant model


 *************** function _cmpSignal *****************
 Defined at:
		line 36 in file "ReadSignal.c"
 Parameters:    Size  Location     Type
  pass            2   20[COMRAM] PTR unsigned char 
		 -> cadastrarSenha@temp1(2), main@pass(2), 
  toc             2   22[COMRAM] PTR unsigned char 
		 -> cadastrarSenha@temp2(2), main@toc(2), 
 Auto vars:     Size  Location     Type
		None
 Return value:  Size  Location     Type
                  2   20[COMRAM] int 
 Registers used:
		wreg, fsr1l, fsr1h, fsr2l, fsr2h, status,2, status,0
 Tracked objects:
		On entry : 
		On exit  : 
		Unchanged: 
 Data sizes:     COMRAM   BANK0   BANK1   BANK2   BANK3   BANK4   BANK5   BANK6   BANK7
      Params:         4       0       0       0       0       0       0       0       0
      Locals:         0       0       0       0       0       0       0       0       0
      Temps:          2       0       0       0       0       0       0       0       0
      Totals:         6       0       0       0       0       0       0       0       0
Total ram usage:        6 bytes
 Hardware stack levels used:    1
 Hardware stack levels required when called:    2
 This function calls:
		Nothing
 This function is called by:
		_cmpPass
 This function uses a non-reentrant model


 *************** function _clearLCD *****************
 Defined at:
		line 31 in file "LCD.c"
 Parameters:    Size  Location     Type
		None
 Auto vars:     Size  Location     Type
		None
 Return value:  Size  Location     Type
                  1    wreg      void 
 Registers used:
		wreg, cstack
 Tracked objects:
		On entry : 
		On exit  : 
		Unchanged: 
 Data sizes:     COMRAM   BANK0   BANK1   BANK2   BANK3   BANK4   BANK5   BANK6   BANK7
      Params:         0       0       0       0       0       0       0       0       0
      Locals:         0       0       0       0       0       0       0       0       0
      Temps:          0       0       0       0       0       0       0       0       0
      Totals:         0       0       0       0       0       0       0       0       0
Total ram usage:        0 bytes
 Hardware stack levels used:    1
 Hardware stack levels required when called:    4
 This function calls:
		_send_cfg
 This function is called by:
		_lerToque
		_destravarPorta
		_cmpPass
		_confirmarSenha
		_cadastrarSenha
 This function uses a non-reentrant model


 *************** function _send_cfg *****************
 Defined at:
		line 22 in file "LCD.c"
 Parameters:    Size  Location     Type
  cmd             1    wreg     unsigned char 
 Auto vars:     Size  Location     Type
  cmd             1   22[COMRAM] unsigned char 
 Return value:  Size  Location     Type
                  1    wreg      void 
 Registers used:
		wreg, cstack
 Tracked objects:
		On entry : 
		On exit  : 
		Unchanged: 
 Data sizes:     COMRAM   BANK0   BANK1   BANK2   BANK3   BANK4   BANK5   BANK6   BANK7
      Params:         0       0       0       0       0       0       0       0       0
      Locals:         1       0       0       0       0       0       0       0       0
      Temps:          1       0       0       0       0       0       0       0       0
      Totals:         2       0       0       0       0       0       0       0       0
Total ram usage:        2 bytes
 Hardware stack levels used:    1
 Hardware stack levels required when called:    3
 This function calls:
		_ena_pulse
 This function is called by:
		_clearLCD
		_init_LCD
		_set_line
 This function uses a non-reentrant model


 *************** function _ena_pulse *****************
 Defined at:
		line 11 in file "LCD.c"
 Parameters:    Size  Location     Type
		None
 Auto vars:     Size  Location     Type
		None
 Return value:  Size  Location     Type
                  1    wreg      void 
 Registers used:
		wreg
 Tracked objects:
		On entry : 
		On exit  : 
		Unchanged: 
 Data sizes:     COMRAM   BANK0   BANK1   BANK2   BANK3   BANK4   BANK5   BANK6   BANK7
      Params:         0       0       0       0       0       0       0       0       0
      Locals:         0       0       0       0       0       0       0       0       0
      Temps:          1       0       0       0       0       0       0       0       0
      Totals:         1       0       0       0       0       0       0       0       0
Total ram usage:        1 bytes
 Hardware stack levels used:    1
 Hardware stack levels required when called:    2
 This function calls:
		Nothing
 This function is called by:
		_send_cfg
		_send_msg
 This function uses a non-reentrant model


 *************** function _bip *****************
 Defined at:
		line 14 in file "Buzzer.c"
 Parameters:    Size  Location     Type
  rounds          2   20[COMRAM] int 
  time            2   22[COMRAM] int 
 Auto vars:     Size  Location     Type
  j               2   26[COMRAM] int 
 Return value:  Size  Location     Type
                  1    wreg      void 
 Registers used:
		wreg, status,2, status,0
 Tracked objects:
		On entry : 
		On exit  : 
		Unchanged: 
 Data sizes:     COMRAM   BANK0   BANK1   BANK2   BANK3   BANK4   BANK5   BANK6   BANK7
      Params:         4       0       0       0       0       0       0       0       0
      Locals:         2       0       0       0       0       0       0       0       0
      Temps:          2       0       0       0       0       0       0       0       0
      Totals:         8       0       0       0       0       0       0       0       0
Total ram usage:        8 bytes
 Hardware stack levels used:    1
 Hardware stack levels required when called:    2
 This function calls:
		Nothing
 This function is called by:
		_cmpPass
 This function uses a non-reentrant model


 *************** function _ISR *****************
 Defined at:
		line 37 in file "Interrupt.c"
 Parameters:    Size  Location     Type
		None
 Auto vars:     Size  Location     Type
		None
 Return value:  Size  Location     Type
                  1    wreg      void 
 Registers used:
		wreg, status,2, status,0, cstack
 Tracked objects:
		On entry : 
		On exit  : 
		Unchanged: 
 Data sizes:     COMRAM   BANK0   BANK1   BANK2   BANK3   BANK4   BANK5   BANK6   BANK7
      Params:         0       0       0       0       0       0       0       0       0
      Locals:         0       0       0       0       0       0       0       0       0
      Temps:         16       0       0       0       0       0       0       0       0
      Totals:        16       0       0       0       0       0       0       0       0
Total ram usage:       16 bytes
 Hardware stack levels used:    1
 Hardware stack levels required when called:    1
 This function calls:
		i2_DutyCycle_PWM
 This function is called by:
		Interrupt level 2
 This function uses a non-reentrant model


 *************** function i2_DutyCycle_PWM *****************
 Defined at:
		line 43 in file "PWM.c"
 Parameters:    Size  Location     Type
  Valor           2    0[COMRAM] unsigned int 
 Auto vars:     Size  Location     Type
		None
 Return value:  Size  Location     Type
                  1    wreg      void 
 Registers used:
		wreg, status,2, status,0
 Tracked objects:
		On entry : 
		On exit  : 
		Unchanged: 
 Data sizes:     COMRAM   BANK0   BANK1   BANK2   BANK3   BANK4   BANK5   BANK6   BANK7
      Params:         2       0       0       0       0       0       0       0       0
      Locals:         0       0       0       0       0       0       0       0       0
      Temps:          2       0       0       0       0       0       0       0       0
      Totals:         4       0       0       0       0       0       0       0       0
Total ram usage:        4 bytes
 Hardware stack levels used:    1
 This function calls:
		Nothing
 This function is called by:
		_ISR
 This function uses a non-reentrant model



MODULE INFORMATION

Module		Function		Class		Link	Load	Size
USART.c
		_cmp_MSG1      		CODE           	1472	0000	31
		_cmp_MSG2      		CODE           	1336	0000	61
		_UART_Read     		CODE           	152A	0000	9
		_UART_Data_Ready		CODE           	1532	0000	9
		_init_UART     		CODE           	14E2	0000	21
		_checkUSART    		CODE           	11AA	0000	97

USART.c estimated size: 228

/opt/microchip/xc8/v1.41/sources/common/lldiv.c
		___lldiv       		CODE           	103C	0000	131

/opt/microchip/xc8/v1.41/sources/common/lldiv.c estimated size: 131

I2C.c
		_init_I2C      		CODE           	120A	0000	91

I2C.c estimated size: 91

TOCTOC.c
		_cadastrarSenha		CODE           	0A80	0000	431
		_cmpPass       		CODE           	0D38	0000	225
		_confirmarSenha		CODE           	1134	0000	119
		_destravarPorta		CODE           	0876	0000	523
		_lerToque      		CODE           	0C2E	0000	267

TOCTOC.c estimated size: 1565

Buzzer.c
		_bip           		CODE           	0EDC	0000	191

Buzzer.c estimated size: 191

PWM.c
		_DutyCycle_PWM 		CODE           	12FA	0000	61
		_init_PWM      		CODE           	14F6	0000	19

PWM.c estimated size: 80

shared
		__initialization		CODE           	13E6	0000	33
		i2_DutyCycle_PWM		CODE           	1372	0000	61

shared estimated size: 94

Interrupt.c
		_ISR           		CODE           	0008	0000	203
		_init_INTRB2   		CODE           	151A	0000	17

Interrupt.c estimated size: 220

ReadSignal.c
		_readSignal    		CODE           	0F9A	0000	163
		_cmpSignal     		CODE           	1264	0000	77

ReadSignal.c estimated size: 240

ADC.c
		_init_ADC      		CODE           	1508	0000	19
		_read_ADC      		CODE           	14CA	0000	25

ADC.c estimated size: 44

main.c
		_main          		CODE           	10BE	0000	119

main.c estimated size: 119

LCD.c
		_set_line      		CODE           	14AE	0000	29
		_send_cfg      		CODE           	1490	0000	31
		_write_LCD     		CODE           	12B0	0000	75
		_init_LCD      		CODE           	1448	0000	43
		_ena_pulse     		CODE           	13AE	0000	57
		_send_msg      		CODE           	1418	0000	49
		_clearLCD      		CODE           	153A	0000	9

LCD.c estimated size: 293

